Component: ARM Compiler 5.06 update 7 (build 960) Tool: armlink [4d3601]

==============================================================================

Section Cross References

    startup_stm32f103xe.o(RESET) refers to startup_stm32f103xe.o(STACK) for __initial_sp
    startup_stm32f103xe.o(RESET) refers to startup_stm32f103xe.o(.text) for Reset_Handler
    startup_stm32f103xe.o(RESET) refers to stm32f1xx_it.o(i.NMI_Handler) for NMI_Handler
    startup_stm32f103xe.o(RESET) refers to stm32f1xx_it.o(i.HardFault_Handler) for HardFault_Handler
    startup_stm32f103xe.o(RESET) refers to stm32f1xx_it.o(i.MemManage_Handler) for MemManage_Handler
    startup_stm32f103xe.o(RESET) refers to stm32f1xx_it.o(i.BusFault_Handler) for BusFault_Handler
    startup_stm32f103xe.o(RESET) refers to stm32f1xx_it.o(i.UsageFault_Handler) for UsageFault_Handler
    startup_stm32f103xe.o(RESET) refers to port.o(.emb_text) for SVC_Handler
    startup_stm32f103xe.o(RESET) refers to stm32f1xx_it.o(i.DebugMon_Handler) for DebugMon_Handler
    startup_stm32f103xe.o(RESET) refers to port.o(i.SysTick_Handler) for SysTick_Handler
    startup_stm32f103xe.o(RESET) refers to stm32f1xx_it.o(i.TIM1_UP_IRQHandler) for TIM1_UP_IRQHandler
    startup_stm32f103xe.o(RESET) refers to stm32f1xx_it.o(i.USART1_IRQHandler) for USART1_IRQHandler
    startup_stm32f103xe.o(.text) refers to system_stm32f1xx.o(i.SystemInit) for SystemInit
    startup_stm32f103xe.o(.text) refers to entry.o(.ARM.Collect$$$$00000000) for __main
    main.o(i.HAL_TIM_PeriodElapsedCallback) refers to stm32f1xx_hal.o(i.HAL_IncTick) for HAL_IncTick
    main.o(i.SystemClock_Config) refers to memseta.o(.text) for __aeabi_memclr4
    main.o(i.SystemClock_Config) refers to stm32f1xx_hal_rcc.o(i.HAL_RCC_OscConfig) for HAL_RCC_OscConfig
    main.o(i.SystemClock_Config) refers to main.o(i.Error_Handler) for Error_Handler
    main.o(i.SystemClock_Config) refers to stm32f1xx_hal_rcc.o(i.HAL_RCC_ClockConfig) for HAL_RCC_ClockConfig
    main.o(i.SystemClock_Config) refers to stm32f1xx_hal_rcc_ex.o(i.HAL_RCCEx_PeriphCLKConfig) for HAL_RCCEx_PeriphCLKConfig
    main.o(i.fgetc) refers to stm32f1xx_hal_uart.o(i.HAL_UART_Receive) for HAL_UART_Receive
    main.o(i.fgetc) refers to usart.o(.bss) for huart1
    main.o(i.fputc) refers to stm32f1xx_hal_uart.o(i.HAL_UART_Transmit) for HAL_UART_Transmit
    main.o(i.fputc) refers to usart.o(.bss) for huart1
    main.o(i.main) refers to stm32f1xx_hal.o(i.HAL_Init) for HAL_Init
    main.o(i.main) refers to main.o(i.SystemClock_Config) for SystemClock_Config
    main.o(i.main) refers to gpio.o(i.MX_GPIO_Init) for MX_GPIO_Init
    main.o(i.main) refers to adc.o(i.MX_ADC1_Init) for MX_ADC1_Init
    main.o(i.main) refers to usart.o(i.MX_USART1_UART_Init) for MX_USART1_UART_Init
    main.o(i.main) refers to freertos.o(i.MX_FREERTOS_Init) for MX_FREERTOS_Init
    main.o(i.main) refers to cmsis_os.o(i.osKernelStart) for osKernelStart
    main.o(i.main) refers to printfb.o(i.__0printf$bare) for __2printf
    gpio.o(i.MX_GPIO_Init) refers to stm32f1xx_hal_gpio.o(i.HAL_GPIO_WritePin) for HAL_GPIO_WritePin
    gpio.o(i.MX_GPIO_Init) refers to stm32f1xx_hal_gpio.o(i.HAL_GPIO_Init) for HAL_GPIO_Init
    freertos.o(i.MX_FREERTOS_Init) refers to cmsis_os.o(i.osMessageCreate) for osMessageCreate
    freertos.o(i.MX_FREERTOS_Init) refers to memcpya.o(.text) for __aeabi_memcpy4
    freertos.o(i.MX_FREERTOS_Init) refers to cmsis_os.o(i.osThreadCreate) for osThreadCreate
    freertos.o(i.MX_FREERTOS_Init) refers to freertos.o(.constdata) for .constdata
    freertos.o(i.MX_FREERTOS_Init) refers to freertos.o(.data) for Data_QueueHandle
    freertos.o(i.MyTask1) refers to memseta.o(.text) for __aeabi_memclr4
    freertos.o(i.MyTask1) refers to stm32f1xx_hal_gpio.o(i.HAL_GPIO_WritePin) for HAL_GPIO_WritePin
    freertos.o(i.MyTask1) refers to stm32f1xx_hal_adc.o(i.HAL_ADC_Start) for HAL_ADC_Start
    freertos.o(i.MyTask1) refers to stm32f1xx_hal_adc.o(i.HAL_ADC_PollForConversion) for HAL_ADC_PollForConversion
    freertos.o(i.MyTask1) refers to stm32f1xx_hal_adc.o(i.HAL_ADC_GetValue) for HAL_ADC_GetValue
    freertos.o(i.MyTask1) refers to freertos.o(i.CreateDataFrame) for CreateDataFrame
    freertos.o(i.MyTask1) refers to queue.o(i.xQueueGenericSend) for xQueueGenericSend
    freertos.o(i.MyTask1) refers to tasks.o(i.vTaskDelay) for vTaskDelay
    freertos.o(i.MyTask1) refers to adc.o(.bss) for hadc1
    freertos.o(i.MyTask1) refers to freertos.o(.data) for Data_QueueHandle
    freertos.o(i.MyTask2) refers to stm32f1xx_hal_gpio.o(i.HAL_GPIO_WritePin) for HAL_GPIO_WritePin
    freertos.o(i.MyTask2) refers to queue.o(i.xQueueReceive) for xQueueReceive
    freertos.o(i.MyTask2) refers to stm32f1xx_hal_uart.o(i.HAL_UART_Transmit) for HAL_UART_Transmit
    freertos.o(i.MyTask2) refers to tasks.o(i.vTaskDelay) for vTaskDelay
    freertos.o(i.MyTask2) refers to freertos.o(.data) for Data_QueueHandle
    freertos.o(i.MyTask2) refers to usart.o(.bss) for huart1
[...]
    Removing queue.o(i.xQueueGiveFromISR), (160 bytes).
    Removing queue.o(i.xQueueIsQueueEmptyFromISR), (32 bytes).
    Removing queue.o(i.xQueueIsQueueFullFromISR), (36 bytes).
    Removing queue.o(i.xQueuePeek), (328 bytes).
    Removing queue.o(i.xQueuePeekFromISR), (124 bytes).
    Removing queue.o(i.xQueueReceiveFromISR), (154 bytes).
    Removing queue.o(i.xQueueSemaphoreTake), (388 bytes).
    Removing queue.o(.bss), (64 bytes).
    Removing stream_buffer.o(i.prvBytesInBuffer), (18 bytes).
    Removing stream_buffer.o(i.prvInitialiseNewStreamBuffer), (80 bytes).
    Removing stream_buffer.o(i.prvReadBytesFromBuffer), (144 bytes).
    Removing stream_buffer.o(i.prvReadMessageFromBuffer), (70 bytes).
    Removing stream_buffer.o(i.prvWriteBytesToBuffer), (132 bytes).
    Removing stream_buffer.o(i.prvWriteMessageToBuffer), (80 bytes).
    Removing stream_buffer.o(i.vStreamBufferDelete), (52 bytes).
    Removing stream_buffer.o(i.xStreamBufferBytesAvailable), (24 bytes).
    Removing stream_buffer.o(i.xStreamBufferGenericCreate), (84 bytes).
    Removing stream_buffer.o(i.xStreamBufferGenericCreateStatic), (124 bytes).
    Removing stream_buffer.o(i.xStreamBufferIsEmpty), (36 bytes).
    Removing stream_buffer.o(i.xStreamBufferIsFull), (58 bytes).
    Removing stream_buffer.o(i.xStreamBufferReceive), (226 bytes).
    Removing stream_buffer.o(i.xStreamBufferReceiveCompletedFromISR), (76 bytes).
    Removing stream_buffer.o(i.xStreamBufferReceiveFromISR), (148 bytes).
    Removing stream_buffer.o(i.xStreamBufferReset), (66 bytes).
    Removing stream_buffer.o(i.xStreamBufferSend), (238 bytes).
    Removing stream_buffer.o(i.xStreamBufferSendCompletedFromISR), (76 bytes).
    Removing stream_buffer.o(i.xStreamBufferSendFromISR), (152 bytes).
    Removing stream_buffer.o(i.xStreamBufferSetTriggerLevel), (42 bytes).
    Removing stream_buffer.o(i.xStreamBufferSpacesAvailable), (40 bytes).
    Removing tasks.o(i.pcTaskGetName), (36 bytes).
    Removing tasks.o(i.prvTaskIsTaskSuspended), (56 bytes).
    Removing tasks.o(i.pvTaskIncrementMutexHeldCount), (24 bytes).
    Removing tasks.o(i.ulTaskNotifyTake), (104 bytes).
    Removing tasks.o(i.uxTaskGetNumberOfTasks), (12 bytes).
    Removing tasks.o(i.uxTaskPriorityGet), (28 bytes).
    Removing tasks.o(i.uxTaskPriorityGetFromISR), (44 bytes).
    Removing tasks.o(i.uxTaskResetEventItemValue), (24 bytes).
    Removing tasks.o(i.vTaskDelete), (176 bytes).
    Removing tasks.o(i.vTaskEndScheduler), (28 bytes).
    Removing tasks.o(i.vTaskNotifyGiveFromISR), (192 bytes).
    Removing tasks.o(i.vTaskPlaceOnUnorderedEventList), (92 bytes).
    Removing tasks.o(i.vTaskPriorityDisinheritAfterTimeout), (176 bytes).
    Removing tasks.o(i.vTaskPrioritySet), (220 bytes).
    Removing tasks.o(i.vTaskRemoveFromUnorderedEventList), (116 bytes).
    Removing tasks.o(i.vTaskResume), (128 bytes).
    Removing tasks.o(i.vTaskSetTimeOutState), (52 bytes).
    Removing tasks.o(i.vTaskSuspend), (192 bytes).
    Removing tasks.o(i.xTaskGenericNotify), (208 bytes).
    Removing tasks.o(i.xTaskGenericNotifyFromISR), (252 bytes).
    Removing tasks.o(i.xTaskGetCurrentTaskHandle), (12 bytes).
    Removing tasks.o(i.xTaskGetTickCount), (12 bytes).
    Removing tasks.o(i.xTaskGetTickCountFromISR), (16 bytes).
    Removing tasks.o(i.xTaskNotifyStateClear), (52 bytes).
    Removing tasks.o(i.xTaskNotifyWait), (144 bytes).
    Removing tasks.o(i.xTaskPriorityInherit), (156 bytes).
    Removing tasks.o(i.xTaskResumeFromISR), (144 bytes).
    Removing cmsis_os.o(.rev16_text), (4 bytes).
    Removing cmsis_os.o(.revsh_text), (4 bytes).
    Removing cmsis_os.o(.rrx_text), (6 bytes).
    Removing cmsis_os.o(i.inHandlerMode), (16 bytes).
    Removing cmsis_os.o(i.makeCmsisPriority), (14 bytes).
    Removing cmsis_os.o(i.osAbortDelay), (4 bytes).
    Removing cmsis_os.o(i.osDelayUntil), (4 bytes).
    Removing cmsis_os.o(i.osKernelRunning), (18 bytes).
    Removing cmsis_os.o(i.osKernelSysTick), (24 bytes).
    Removing cmsis_os.o(i.osMailAlloc), (14 bytes).
    Removing cmsis_os.o(i.osMailCAlloc), (40 bytes).
    Removing cmsis_os.o(i.osMailCreate), (112 bytes).
    Removing cmsis_os.o(i.osMailFree), (14 bytes).
    Removing cmsis_os.o(i.osMailGet), (172 bytes).
    Removing cmsis_os.o(i.osMailPut), (104 bytes).
    Removing cmsis_os.o(i.osMessageAvailableSpace), (4 bytes).
    Removing cmsis_os.o(i.osMessageDelete), (24 bytes).
    Removing cmsis_os.o(i.osMessageGet), (172 bytes).
    Removing cmsis_os.o(i.osMessagePeek), (94 bytes).
    Removing cmsis_os.o(i.osMessagePut), (100 bytes).
    Removing cmsis_os.o(i.osMessageWaiting), (30 bytes).
    Removing cmsis_os.o(i.osMutexCreate), (18 bytes).
    Removing cmsis_os.o(i.osMutexDelete), (24 bytes).
    Removing cmsis_os.o(i.osMutexRelease), (80 bytes).
    Removing cmsis_os.o(i.osMutexWait), (104 bytes).
    Removing cmsis_os.o(i.osPoolAlloc), (114 bytes).
    Removing cmsis_os.o(i.osPoolCAlloc), (16 bytes).
    Removing cmsis_os.o(i.osPoolCreate), (110 bytes).
    Removing cmsis_os.o(i.osPoolFree), (66 bytes).
    Removing cmsis_os.o(i.osRecursiveMutexCreate), (4 bytes).
    Removing cmsis_os.o(i.osRecursiveMutexRelease), (4 bytes).
    Removing cmsis_os.o(i.osRecursiveMutexWait), (4 bytes).
    Removing cmsis_os.o(i.osSemaphoreCreate), (70 bytes).
    Removing cmsis_os.o(i.osSemaphoreDelete), (24 bytes).
    Removing cmsis_os.o(i.osSemaphoreGetCount), (4 bytes).
    Removing cmsis_os.o(i.osSemaphoreRelease), (80 bytes).
    Removing cmsis_os.o(i.osSemaphoreWait), (104 bytes).
    Removing cmsis_os.o(i.osSignalSet), (104 bytes).
    Removing cmsis_os.o(i.osSignalWait), (102 bytes).
    Removing cmsis_os.o(i.osSystickHandler), (20 bytes).
    Removing cmsis_os.o(i.osThreadGetId), (4 bytes).
    Removing cmsis_os.o(i.osThreadGetPriority), (38 bytes).
    Removing cmsis_os.o(i.osThreadList), (4 bytes).
    Removing cmsis_os.o(i.osThreadResume), (52 bytes).
    Removing cmsis_os.o(i.osThreadResumeAll), (18 bytes).
    Removing cmsis_os.o(i.osThreadSetPriority), (22 bytes).
    Removing cmsis_os.o(i.osThreadSuspend), (10 bytes).
    Removing cmsis_os.o(i.osThreadSuspendAll), (10 bytes).
    Removing cmsis_os.o(i.osThreadTerminate), (10 bytes).
    Removing cmsis_os.o(i.osThreadYield), (24 bytes).
    Removing cmsis_os.o(i.osTimerCreate), (4 bytes).
    Removing cmsis_os.o(i.osTimerDelete), (4 bytes).
    Removing cmsis_os.o(i.osTimerStart), (4 bytes).
    Removing cmsis_os.o(i.osTimerStop), (4 bytes).
    Removing heap_4.o(i.vPortInitialiseBlocks), (2 bytes).
    Removing heap_4.o(i.xPortGetFreeHeapSize), (12 bytes).
    Removing heap_4.o(i.xPortGetMinimumEverFreeHeapSize), (12 bytes).
    Removing port.o(i.vPortEndScheduler), (32 bytes).
    Removing port.o(i.vPortValidateInterruptPriority), (84 bytes).
    Removing dadd.o(.text), (334 bytes).
    Removing dmul.o(.text), (228 bytes).
    Removing ddiv.o(.text), (222 bytes).
    Removing dfixul.o(.text), (48 bytes).
    Removing cdrcmple.o(.text), (48 bytes).
    Removing depilogue.o(.text), (186 bytes).

577 unused section(s) (total 51194 bytes) removed from the image.

==============================================================================

Image Symbol Table

    Local Symbols

    Symbol Name                              Value     Ov Type        Size  Object(Section)

    ../Core/Src/adc.c                        0x00000000   Number         0  adc.o ABSOLUTE
    ../Core/Src/freertos.c                   0x00000000   Number         0  freertos.o ABSOLUTE
    ../Core/Src/gpio.c                       0x00000000   Number         0  gpio.o ABSOLUTE
    ../Core/Src/main.c                       0x00000000   Number         0  main.o ABSOLUTE
    ../Core/Src/stm32f1xx_hal_msp.c          0x00000000   Number         0  stm32f1xx_hal_msp.o ABSOLUTE
    ../Core/Src/stm32f1xx_hal_timebase_tim.c 0x00000000   Number         0  stm32f1xx_hal_timebase_tim.o ABSOLUTE
    ../Core/Src/stm32f1xx_it.c               0x00000000   Number         0  stm32f1xx_it.o ABSOLUTE
    ../Core/Src/system_stm32f1xx.c           0x00000000   Number         0  system_stm32f1xx.o ABSOLUTE
    ../Core/Src/usart.c                      0x00000000   Number         0  usart.o ABSOLUTE
    ../Drivers/STM32F1xx_HAL_Driver/Src/stm32f1xx_hal.c 0x00000000   Number         0  stm32f1xx_hal.o ABSOLUTE
    ../Drivers/STM32F1xx_HAL_Driver/Src/stm32f1xx_hal_adc.c 0x00000000   Number         0  stm32f1xx_hal_adc.o ABSOLUTE
    ../Drivers/STM32F1xx_HAL_Driver/Src/stm32f1xx_hal_adc_ex.c 0x00000000   Number         0  stm32f1xx_hal_adc_ex.o ABSOLUTE
    ../Drivers/STM32F1xx_HAL_Driver/Src/stm32f1xx_hal_cortex.c 0x00000000   Number         0  stm32f1xx_hal_cortex.o ABSOLUTE
    ../Drivers/STM32F1xx_HAL_Driver/Src/stm32f1xx_hal_dma.c 0x00000000   Number         0  stm32f1xx_hal_dma.o ABSOLUTE
    ../Drivers/STM32F1xx_HAL_Driver/Src/stm32f1xx_hal_exti.c 0x00000000   Number         0  stm32f1xx_hal_exti.o ABSOLUTE
    ../Drivers/STM32F1xx_HAL_Driver/Src/stm32f1xx_hal_flash.c 0x00000000   Number         0  stm32f1xx_hal_flash.o ABSOLUTE
    ../Drivers/STM32F1xx_HAL_Driver/Src/stm32f1xx_hal_flash_ex.c 0x00000000   Number         0  stm32f1xx_hal_flash_ex.o ABSOLUTE
    ../Drivers/STM32F1xx_HAL_Driver/Src/stm32f1xx_hal_gpio.c 0x00000000   Number         0  stm32f1xx_hal_gpio.o ABSOLUTE
    ../Drivers/STM32F1xx_HAL_Driver/Src/stm32f1xx_hal_gpio_ex.c 0x00000000   Number         0  stm32f1xx_hal_gpio_ex.o ABSOLUTE
    ../Drivers/STM32F1xx_HAL_Driver/Src/stm32f1xx_hal_pwr.c 0x00000000   Number         0  stm32f1xx_hal_pwr.o ABSOLUTE
    ../Drivers/STM32F1xx_HAL_Driver/Src/stm32f1xx_hal_rcc.c 0x00000000   Number         0  stm32f1xx_hal_rcc.o ABSOLUTE
    ../Drivers/STM32F1xx_HAL_Driver/Src/stm32f1xx_hal_rcc_ex.c 0x00000000   Number         0  stm32f1xx_hal_rcc_ex.o ABSOLUTE
    ../Drivers/STM32F1xx_HAL_Driver/Src/stm32f1xx_hal_tim.c 0x00000000   Number         0  stm32f1xx_hal_tim.o ABSOLUTE
    ../Drivers/STM32F1xx_HAL_Driver/Src/stm32f1xx_hal_tim_ex.c 0x00000000   Number         0  stm32f1xx_hal_tim_ex.o ABSOLUTE
    ../Drivers/STM32F1xx_HAL_Driver/Src/stm32f1xx_hal_uart.c 0x00000000   Number         0  stm32f1xx_hal_uart.o ABSOLUTE
    ../Middlewares/Third_Party/FreeRTOS/Source/CMSIS_RTOS/cmsis_os.c 0x00000000   Number         0  cmsis_os.o ABSOLUTE
    ../Middlewares/Third_Party/FreeRTOS/Source/croutine.c 0x00000000   Number         0  croutine.o ABSOLUTE
    ../Middlewares/Third_Party/FreeRTOS/Source/event_groups.c 0x00000000   Number         0  event_groups.o ABSOLUTE
    ../Middlewares/Third_Party/FreeRTOS/Source/list.c 0x00000000   Number         0  list.o ABSOLUTE
    ../Middlewares/Third_Party/FreeRTOS/Source/portable/MemMang/heap_4.c 0x00000000   Number         0  heap_4.o ABSOLUTE
    ../Middlewares/Third_Party/FreeRTOS/Source/portable/RVDS/ARM_CM3/port.c 0x00000000   Number         0  port.o ABSOLUTE
    ../Middlewares/Third_Party/FreeRTOS/Source/queue.c 0x00000000   Number         0  queue.o ABSOLUTE
    ../Middlewares/Third_Party/FreeRTOS/Source/stream_buffer.c 0x00000000   Number         0  stream_buffer.o ABSOLUTE
    ../Middlewares/Third_Party/FreeRTOS/Source/tasks.c 0x00000000   Number         0  tasks.o ABSOLUTE
    ../Middlewares/Third_Party/FreeRTOS/Source/timers.c 0x00000000   Number         0  timers.o ABSOLUTE
    ../clib/microlib/division.c              0x00000000   Number         0  uldiv.o ABSOLUTE
    ../clib/microlib/division.c              0x00000000   Number         0  uidiv.o ABSOLUTE
    ../clib/microlib/init/entry.s            0x00000000   Number         0  entry9a.o ABSOLUTE
    ../clib/microlib/init/entry.s            0x00000000   Number         0  entry.o ABSOLUTE
    ../clib/microlib/init/entry.s            0x00000000   Number         0  entry8b.o ABSOLUTE
    ../clib/microlib/init/entry.s            0x00000000   Number         0  entry8a.o ABSOLUTE
    ../clib/microlib/init/entry.s            0x00000000   Number         0  entry7b.o ABSOLUTE
    ../clib/microlib/init/entry.s            0x00000000   Number         0  entry7a.o ABSOLUTE
    ../clib/microlib/init/entry.s            0x00000000   Number         0  entry5.o ABSOLUTE
    ../clib/microlib/init/entry.s            0x00000000   Number         0  entry2.o ABSOLUTE
    ../clib/microlib/init/entry.s            0x00000000   Number         0  entry12b.o ABSOLUTE
    ../clib/microlib/init/entry.s            0x00000000   Number         0  entry12a.o ABSOLUTE
    ../clib/microlib/init/entry.s            0x00000000   Number         0  entry11b.o ABSOLUTE
    ../clib/microlib/init/entry.s            0x00000000   Number         0  entry11a.o ABSOLUTE
    ../clib/microlib/init/entry.s            0x00000000   Number         0  entry10b.o ABSOLUTE
    ../clib/microlib/init/entry.s            0x00000000   Number         0  entry10a.o ABSOLUTE
    ../clib/microlib/init/entry.s            0x00000000   Number         0  entry9b.o ABSOLUTE
    ../clib/microlib/longlong.c              0x00000000   Number         0  llushr.o ABSOLUTE
    ../clib/microlib/longlong.c              0x00000000   Number         0  llshl.o ABSOLUTE
    ../clib/microlib/longlong.c              0x00000000   Number         0  llsshr.o ABSOLUTE
    ../clib/microlib/printf/printf.c         0x00000000   Number         0  printf8.o ABSOLUTE
    ../clib/microlib/printf/printf.c         0x00000000   Number         0  printfa.o ABSOLUTE
    ../clib/microlib/printf/printf.c         0x00000000   Number         0  printf4.o ABSOLUTE
    ../clib/microlib/printf/printf.c         0x00000000   Number         0  printf6.o ABSOLUTE
    ../clib/microlib/printf/printf.c         0x00000000   Number         0  printf5.o ABSOLUTE
    ../clib/microlib/printf/printf.c         0x00000000   Number         0  printf0.o ABSOLUTE
    ../clib/microlib/printf/printf.c         0x00000000   Number         0  printfb.o ABSOLUTE
    ../clib/microlib/printf/printf.c         0x00000000   Number         0  printf1.o ABSOLUTE
    ../clib/microlib/printf/printf.c         0x00000000   Number         0  printf2.o ABSOLUTE
    ../clib/microlib/printf/printf.c         0x00000000   Number         0  printf3.o ABSOLUTE
    ../clib/microlib/printf/printf.c         0x00000000   Number         0  printf7.o ABSOLUTE
    ../clib/microlib/stdio/streams.c         0x00000000   Number         0  stdout.o ABSOLUTE
    ../clib/microlib/string/memcpy.c         0x00000000   Number         0  memcpyb.o ABSOLUTE
    ../clib/microlib/string/memcpy.c         0x00000000   Number         0  memcpya.o ABSOLUTE
    ../clib/microlib/string/memset.c         0x00000000   Number         0  memseta.o ABSOLUTE
    ../clib/microlib/string/memset.c         0x00000000   Number         0  memset.o ABSOLUTE
    ../clib/microlib/stubs.s                 0x00000000   Number         0  iusefp.o ABSOLUTE
    ../fplib/microlib/fpadd.c                0x00000000   Number         0  dadd.o ABSOLUTE
    ../fplib/microlib/fpdiv.c                0x00000000   Number         0  ddiv.o ABSOLUTE
    ../fplib/microlib/fpepilogue.c           0x00000000   Number         0  depilogue.o ABSOLUTE
    ../fplib/microlib/fpfix.c                0x00000000   Number         0  dfixul.o ABSOLUTE
    ../fplib/microlib/fpmul.c                0x00000000   Number         0  dmul.o ABSOLUTE
    ..\Core\Src\adc.c                        0x00000000   Number         0  adc.o ABSOLUTE
    ..\Core\Src\freertos.c                   0x00000000   Number         0  freertos.o ABSOLUTE
    ..\Core\Src\gpio.c                       0x00000000   Number         0  gpio.o ABSOLUTE
    ..\Core\Src\main.c                       0x00000000   Number         0  main.o ABSOLUTE
    ..\Core\Src\stm32f1xx_hal_msp.c          0x00000000   Number         0  stm32f1xx_hal_msp.o ABSOLUTE
    ..\Core\Src\stm32f1xx_hal_timebase_tim.c 0x00000000   Number         0  stm32f1xx_hal_timebase_tim.o ABSOLUTE
    ..\Core\Src\stm32f1xx_it.c               0x00000000   Number         0  stm32f1xx_it.o ABSOLUTE
    ..\Core\Src\system_stm32f1xx.c           0x00000000   Number         0  system_stm32f1xx.o ABSOLUTE
    ..\Core\Src\usart.c                      0x00000000   Number         0  usart.o ABSOLUTE
    ..\Drivers\STM32F1xx_HAL_Driver\Src\stm32f1xx_hal.c 0x00000000   Number         0  stm32f1xx_hal.o ABSOLUTE
    ..\Drivers\STM32F1xx_HAL_Driver\Src\stm32f1xx_hal_adc.c 0x00000000   Number         0  stm32f1xx_hal_adc.o ABSOLUTE
    ..\Drivers\STM32F1xx_HAL_Driver\Src\stm32f1xx_hal_adc_ex.c 0x00000000   Number         0  stm32f1xx_hal_adc_ex.o ABSOLUTE
    ..\Drivers\STM32F1xx_HAL_Driver\Src\stm32f1xx_hal_cortex.c 0x00000000   Number         0  stm32f1xx_hal_cortex.o ABSOLUTE
    ..\Drivers\STM32F1xx_HAL_Driver\Src\stm32f1xx_hal_dma.c 0x00000000   Number         0  stm32f1xx_hal_dma.o ABSOLUTE
    ..\Drivers\STM32F1xx_HAL_Driver\Src\stm32f1xx_hal_exti.c 0x00000000   Number         0  stm32f1xx_hal_exti.o ABSOLUTE
    ..\Drivers\STM32F1xx_HAL_Driver\Src\stm32f1xx_hal_flash.c 0x00000000   Number         0  stm32f1xx_hal_flash.o ABSOLUTE
    ..\Drivers\STM32F1xx_HAL_Driver\Src\stm32f1xx_hal_flash_ex.c 0x00000000   Number         0  stm32f1xx_hal_flash_ex.o ABSOLUTE
    ..\Drivers\STM32F1xx_HAL_Driver\Src\stm32f1xx_hal_gpio.c 0x00000000   Number         0  stm32f1xx_hal_gpio.o ABSOLUTE
    ..\Drivers\STM32F1xx_HAL_Driver\Src\stm32f1xx_hal_gpio_ex.c 0x00000000   Number         0  stm32f1xx_hal_gpio_ex.o ABSOLUTE
    ..\Drivers\STM32F1xx_HAL_Driver\Src\stm32f1xx_hal_pwr.c 0x00000000   Number         0  stm32f1xx_hal_pwr.o ABSOLUTE
    ..\Drivers\STM32F1xx_HAL_Driver\Src\stm32f1xx_hal_rcc.c 0x00000000   Number         0  stm32f1xx_hal_rcc.o ABSOLUTE
    ..\Drivers\STM32F1xx_HAL_Driver\Src\stm32f1xx_hal_rcc_ex.c 0x00000000   Number         0  stm32f1xx_hal_rcc_ex.o ABSOLUTE
    ..\Drivers\STM32F1xx_HAL_Driver\Src\stm32f1xx_hal_tim.c 0x00000000   Number         0  stm32f1xx_hal_tim.o ABSOLUTE
    ..\Drivers\STM32F1xx_HAL_Driver\Src\stm32f1xx_hal_tim_ex.c 0x00000000   Number         0  stm32f1xx_hal_tim_ex.o ABSOLUTE
    ..\Drivers\STM32F1xx_HAL_Driver\Src\stm32f1xx_hal_uart.c 0x00000000   Number         0  stm32f1xx_hal_uart.o ABSOLUTE
    ..\Middlewares\Third_Party\FreeRTOS\Source\CMSIS_RTOS\cmsis_os.c 0x00000000   Number         0  cmsis_os.o ABSOLUTE
    ..\Middlewares\Third_Party\FreeRTOS\Source\portable\RVDS\ARM_CM3\port.c 0x00000000   Number         0  port.o ABSOLUTE
    cdrcmple.s                               0x00000000   Number         0  cdrcmple.o ABSOLUTE
    dc.s                                     0x00000000   Number         0  dc.o ABSOLUTE
    handlers.s                               0x00000000   Number         0  handlers.o ABSOLUTE
    init.s                                   0x00000000   Number         0  init.o ABSOLUTE
    startup_stm32f103xe.s                    0x00000000   Number         0  startup_stm32f103xe.o ABSOLUTE
    RESET                                    0x08000000   Section      304  startup_stm32f103xe.o(RESET)
    .ARM.Collect$$$$00000000                 0x08000130   Section        0  entry.o(.ARM.Collect$$$$00000000)
    .ARM.Collect$$$$00000001                 0x08000130   Section        4  entry2.o(.ARM.Collect$$$$00000001)
    .ARM.Collect$$$$00000004                 0x08000134   Section        4  entry5.o(.ARM.Collect$$$$00000004)
    .ARM.Collect$$$$00000008                 0x08000138   Section        0  entry7b.o(.ARM.Collect$$$$00000008)
    .ARM.Collect$$$$0000000A                 0x08000138   Section        0  entry8b.o(.ARM.Collect$$$$0000000A)
    .ARM.Collect$$$$0000000B                 0x08000138   Section        8  entry9a.o(.ARM.Collect$$$$0000000B)
    .ARM.Collect$$$$0000000E                 0x08000140   Section        4  entry12b.o(.ARM.Collect$$$$0000000E)
    .ARM.Collect$$$$0000000F                 0x08000144   Section        0  entry10a.o(.ARM.Collect$$$$0000000F)
    .ARM.Collect$$$$00000011                 0x08000144   Section        0  entry11a.o(.ARM.Collect$$$$00000011)
    .ARM.Collect$$$$00002712                 0x08000144   Section        4  entry2.o(.ARM.Collect$$$$00002712)
    __lit__00000000                          0x08000144   Data           4  entry2.o(.ARM.Collect$$$$00002712)
    .emb_text                                0x08000148   Section      150  port.o(.emb_text)
    .text                                    0x080001e0   Section       36  startup_stm32f103xe.o(.text)
    .text                                    0x08000204   Section        0  memcpya.o(.text)
    .text                                    0x08000228   Section        0  memseta.o(.text)
    .text                                    0x0800024c   Section       36  init.o(.text)
    i.ADC_ConversionStop_Disable             0x08000270   Section        0  stm32f1xx_hal_adc.o(i.ADC_ConversionStop_Disable)
    i.ADC_Enable                             0x080002cc   Section        0  stm32f1xx_hal_adc.o(i.ADC_Enable)
    i.BusFault_Handler                       0x0800035c   Section        0  stm32f1xx_it.o(i.BusFault_Handler)
    i.CreateDataFrame                        0x08000360   Section        0  freertos.o(i.CreateDataFrame)
    i.DebugMon_Handler                       0x0800038e   Section        0  stm32f1xx_it.o(i.DebugMon_Handler)
    i.Error_Handler                          0x08000390   Section        0  main.o(i.Error_Handler)
    i.HAL_ADC_ConfigChannel                  0x08000398   Section        0  stm32f1xx_hal_adc.o(i.HAL_ADC_ConfigChannel)
    i.HAL_ADC_GetValue                       0x080004f8   Section        0  stm32f1xx_hal_adc.o(i.HAL_ADC_GetValue)
    i.HAL_ADC_Init                           0x08000500   Section        0  stm32f1xx_hal_adc.o(i.HAL_ADC_Init)
    i.HAL_ADC_MspInit                        0x08000660   Section        0  adc.o(i.HAL_ADC_MspInit)
    i.HAL_ADC_PollForConversion              0x080006d0   Section        0  stm32f1xx_hal_adc.o(i.HAL_ADC_PollForConversion)
    i.HAL_ADC_Start                          0x08000850   Section        0  stm32f1xx_hal_adc.o(i.HAL_ADC_Start)
    i.HAL_DMA_Abort                          0x08000980   Section        0  stm32f1xx_hal_dma.o(i.HAL_DMA_Abort)
    i.HAL_DMA_Abort_IT                       0x080009d8   Section        0  stm32f1xx_hal_dma.o(i.HAL_DMA_Abort_IT)
    i.HAL_GPIO_Init                          0x08000b80   Section        0  stm32f1xx_hal_gpio.o(i.HAL_GPIO_Init)
    i.HAL_GPIO_WritePin                      0x08000ec0   Section        0  stm32f1xx_hal_gpio.o(i.HAL_GPIO_WritePin)
    i.HAL_GetTick                            0x08000ecc   Section        0  stm32f1xx_hal.o(i.HAL_GetTick)
    i.HAL_IncTick                            0x08000ed8   Section        0  stm32f1xx_hal.o(i.HAL_IncTick)
    i.HAL_Init                               0x08000ef0   Section        0  stm32f1xx_hal.o(i.HAL_Init)
    i.HAL_InitTick                           0x08000f18   Section        0  stm32f1xx_hal_timebase_tim.o(i.HAL_InitTick)
    i.HAL_MspInit                            0x08000fb8   Section        0  stm32f1xx_hal_msp.o(i.HAL_MspInit)
    i.HAL_NVIC_EnableIRQ                     0x08001018   Section        0  stm32f1xx_hal_cortex.o(i.HAL_NVIC_EnableIRQ)
    i.HAL_NVIC_SetPriority                   0x08001038   Section        0  stm32f1xx_hal_cortex.o(i.HAL_NVIC_SetPriority)
    i.HAL_NVIC_SetPriorityGrouping           0x080010b4   Section        0  stm32f1xx_hal_cortex.o(i.HAL_NVIC_SetPriorityGrouping)
    i.HAL_RCCEx_GetPeriphCLKFreq             0x080010dc   Section        0  stm32f1xx_hal_rcc_ex.o(i.HAL_RCCEx_GetPeriphCLKFreq)
    i.HAL_RCCEx_PeriphCLKConfig              0x080011f4   Section        0  stm32f1xx_hal_rcc_ex.o(i.HAL_RCCEx_PeriphCLKConfig)
    i.HAL_RCC_ClockConfig                    0x08001324   Section        0  stm32f1xx_hal_rcc.o(i.HAL_RCC_ClockConfig)
    i.HAL_RCC_GetClockConfig                 0x080014b0   Section        0  stm32f1xx_hal_rcc.o(i.HAL_RCC_GetClockConfig)
    i.HAL_RCC_GetHCLKFreq                    0x080014f4   Section        0  stm32f1xx_hal_rcc.o(i.HAL_RCC_GetHCLKFreq)
    i.HAL_RCC_GetPCLK1Freq                   0x08001500   Section        0  stm32f1xx_hal_rcc.o(i.HAL_RCC_GetPCLK1Freq)
    i.HAL_RCC_GetPCLK2Freq                   0x08001520   Section        0  stm32f1xx_hal_rcc.o(i.HAL_RCC_GetPCLK2Freq)
    i.HAL_RCC_GetSysClockFreq                0x08001540   Section        0  stm32f1xx_hal_rcc.o(i.HAL_RCC_GetSysClockFreq)
    i.HAL_RCC_OscConfig                      0x080015b0   Section        0  stm32f1xx_hal_rcc.o(i.HAL_RCC_OscConfig)
    i.HAL_TIMEx_BreakCallback                0x08001a14   Section        0  stm32f1xx_hal_tim_ex.o(i.HAL_TIMEx_BreakCallback)
    i.HAL_TIMEx_CommutCallback               0x08001a16   Section        0  stm32f1xx_hal_tim_ex.o(i.HAL_TIMEx_CommutCallback)
    i.HAL_TIM_Base_Init                      0x08001a18   Section        0  stm32f1xx_hal_tim.o(i.HAL_TIM_Base_Init)
    i.HAL_TIM_Base_MspInit                   0x08001a7e   Section        0  stm32f1xx_hal_tim.o(i.HAL_TIM_Base_MspInit)
    i.HAL_TIM_Base_Start_IT                  0x08001a80   Section        0  stm32f1xx_hal_tim.o(i.HAL_TIM_Base_Start_IT)
    i.HAL_TIM_IC_CaptureCallback             0x08001b10   Section        0  stm32f1xx_hal_tim.o(i.HAL_TIM_IC_CaptureCallback)
    i.HAL_TIM_IRQHandler                     0x08001b12   Section        0  stm32f1xx_hal_tim.o(i.HAL_TIM_IRQHandler)
    i.HAL_TIM_OC_DelayElapsedCallback        0x08001ca8   Section        0  stm32f1xx_hal_tim.o(i.HAL_TIM_OC_DelayElapsedCallback)
    i.HAL_TIM_PWM_PulseFinishedCallback      0x08001caa   Section        0  stm32f1xx_hal_tim.o(i.HAL_TIM_PWM_PulseFinishedCallback)
    i.HAL_TIM_PeriodElapsedCallback          0x08001cac   Section        0  main.o(i.HAL_TIM_PeriodElapsedCallback)
    i.HAL_TIM_TriggerCallback                0x08001cc4   Section        0  stm32f1xx_hal_tim.o(i.HAL_TIM_TriggerCallback)
    i.HAL_UARTEx_RxEventCallback             0x08001cc6   Section        0  stm32f1xx_hal_uart.o(i.HAL_UARTEx_RxEventCallback)
    i.HAL_UART_ErrorCallback                 0x08001cc8   Section        0  stm32f1xx_hal_uart.o(i.HAL_UART_ErrorCallback)
    i.HAL_UART_IRQHandler                    0x08001ccc   Section        0  stm32f1xx_hal_uart.o(i.HAL_UART_IRQHandler)
    i.HAL_UART_Init                          0x08001fb0   Section        0  stm32f1xx_hal_uart.o(i.HAL_UART_Init)
    i.HAL_UART_MspInit                       0x08002028   Section        0  usart.o(i.HAL_UART_MspInit)
    i.HAL_UART_RxCpltCallback                0x080020c0   Section        0  stm32f1xx_hal_uart.o(i.HAL_UART_RxCpltCallback)
    i.HAL_UART_Transmit                      0x080020c2   Section        0  stm32f1xx_hal_uart.o(i.HAL_UART_Transmit)
    i.HAL_UART_TxCpltCallback                0x08002174   Section        0  stm32f1xx_hal_uart.o(i.HAL_UART_TxCpltCallback)
    i.HardFault_Handler                      0x08002176   Section        0  stm32f1xx_it.o(i.HardFault_Handler)
    i.MX_ADC1_Init                           0x0800217c   Section        0  adc.o(i.MX_ADC1_Init)
    i.MX_FREERTOS_Init                       0x080021dc   Section        0  freertos.o(i.MX_FREERTOS_Init)
    i.MX_GPIO_Init                           0x08002258   Section        0  gpio.o(i.MX_GPIO_Init)
    i.MX_USART1_UART_Init                    0x080022cc   Section        0  usart.o(i.MX_USART1_UART_Init)
    i.MemManage_Handler                      0x08002304   Section        0  stm32f1xx_it.o(i.MemManage_Handler)
    i.MyTask1                                0x08002308   Section        0  freertos.o(i.MyTask1)
    i.MyTask2                                0x08002370   Section        0  freertos.o(i.MyTask2)
    i.NMI_Handler                            0x080023b0   Section        0  stm32f1xx_it.o(i.NMI_Handler)
    i.RCC_Delay                              0x080023b4   Section        0  stm32f1xx_hal_rcc.o(i.RCC_Delay)
    RCC_Delay                                0x080023b5   Thumb Code    36  stm32f1xx_hal_rcc.o(i.RCC_Delay)
    i.StartDefaultTask                       0x080023dc   Section        0  freertos.o(i.StartDefaultTask)
    i.SysTick_Handler                        0x080023e8   Section        0  port.o(i.SysTick_Handler)
    i.SystemClock_Config                     0x08002414   Section        0  main.o(i.SystemClock_Config)
    i.SystemInit                             0x08002496   Section        0  system_stm32f1xx.o(i.SystemInit)
    i.TIM1_UP_IRQHandler                     0x08002498   Section        0  stm32f1xx_it.o(i.TIM1_UP_IRQHandler)
    i.TIM_Base_SetConfig                     0x080024a8   Section        0  stm32f1xx_hal_tim.o(i.TIM_Base_SetConfig)
    i.UART_DMAAbortOnError                   0x08002544   Section        0  stm32f1xx_hal_uart.o(i.UART_DMAAbortOnError)
    UART_DMAAbortOnError                     0x08002545   Thumb Code    20  stm32f1xx_hal_uart.o(i.UART_DMAAbortOnError)
    i.UART_EndRxTransfer                     0x08002558   Section        0  stm32f1xx_hal_uart.o(i.UART_EndRxTransfer)
    UART_EndRxTransfer                       0x08002559   Thumb Code   108  stm32f1xx_hal_uart.o(i.UART_EndRxTransfer)
    i.UART_EndTransmit_IT                    0x080025c4   Section        0  stm32f1xx_hal_uart.o(i.UART_EndTransmit_IT)
    UART_EndTransmit_IT                      0x080025c5   Thumb Code    32  stm32f1xx_hal_uart.o(i.UART_EndTransmit_IT)
    i.UART_Receive_IT                        0x080025e4   Section        0  stm32f1xx_hal_uart.o(i.UART_Receive_IT)
    UART_Receive_IT                          0x080025e5   Thumb Code   252  stm32f1xx_hal_uart.o(i.UART_Receive_IT)
    i.UART_SetConfig                         0x080026e0   Section        0  stm32f1xx_hal_uart.o(i.UART_SetConfig)
    UART_SetConfig                           0x080026e1   Thumb Code   248  stm32f1xx_hal_uart.o(i.UART_SetConfig)
    i.UART_Transmit_IT                       0x080027dc   Section        0  stm32f1xx_hal_uart.o(i.UART_Transmit_IT)
    UART_Transmit_IT                         0x080027dd   Thumb Code    96  stm32f1xx_hal_uart.o(i.UART_Transmit_IT)
    i.UART_WaitOnFlagUntilTimeout            0x0800283c   Section        0  stm32f1xx_hal_uart.o(i.UART_WaitOnFlagUntilTimeout)
    UART_WaitOnFlagUntilTimeout              0x0800283d   Thumb Code   146  stm32f1xx_hal_uart.o(i.UART_WaitOnFlagUntilTimeout)
    i.USART1_IRQHandler                      0x080028d0   Section        0  stm32f1xx_it.o(i.USART1_IRQHandler)
    i.UsageFault_Handler                     0x080028e0   Section        0  stm32f1xx_it.o(i.UsageFault_Handler)
    i.__0printf$bare                         0x080028e4   Section        0  printfb.o(i.__0printf$bare)
    i.__NVIC_GetPriorityGrouping             0x080028f4   Section        0  stm32f1xx_hal_cortex.o(i.__NVIC_GetPriorityGrouping)
    __NVIC_GetPriorityGrouping               0x080028f5   Thumb Code    10  stm32f1xx_hal_cortex.o(i.__NVIC_GetPriorityGrouping)
    i.__NVIC_SetPriority                     0x08002904   Section        0  stm32f1xx_hal_cortex.o(i.__NVIC_SetPriority)
    __NVIC_SetPriority                       0x08002905   Thumb Code    32  stm32f1xx_hal_cortex.o(i.__NVIC_SetPriority)
    i.__scatterload_copy                     0x0800292c   Section       14  handlers.o(i.__scatterload_copy)
    i.__scatterload_null                     0x0800293a   Section        2  handlers.o(i.__scatterload_null)
    i.__scatterload_zeroinit                 0x0800293c   Section       14  handlers.o(i.__scatterload_zeroinit)
    i._printf_core                           0x0800294a   Section        0  printfb.o(i._printf_core)
    _printf_core                             0x0800294b   Thumb Code    34  printfb.o(i._printf_core)
    i.fputc                                  0x0800296c   Section        0  main.o(i.fputc)
    i.main                                   0x08002988   Section        0  main.o(i.main)
    i.makeFreeRtosPriority                   0x080029b8   Section        0  cmsis_os.o(i.makeFreeRtosPriority)
    makeFreeRtosPriority                     0x080029b9   Thumb Code    12  cmsis_os.o(i.makeFreeRtosPriority)
    i.osDelay                                0x080029c4   Section        0  cmsis_os.o(i.osDelay)
    i.osKernelStart                          0x080029d4   Section        0  cmsis_os.o(i.osKernelStart)
    i.osMessageCreate                        0x080029de   Section        0  cmsis_os.o(i.osMessageCreate)
    i.osThreadCreate                         0x08002a08   Section        0  cmsis_os.o(i.osThreadCreate)
    i.prvAddCurrentTaskToDelayedList         0x08002a64   Section        0  tasks.o(i.prvAddCurrentTaskToDelayedList)
    prvAddCurrentTaskToDelayedList           0x08002a65   Thumb Code   110  tasks.o(i.prvAddCurrentTaskToDelayedList)
    i.prvAddNewTaskToReadyList               0x08002adc   Section        0  tasks.o(i.prvAddNewTaskToReadyList)
    prvAddNewTaskToReadyList                 0x08002add   Thumb Code   124  tasks.o(i.prvAddNewTaskToReadyList)
    i.prvCheckTasksWaitingTermination        0x08002b64   Section        0  tasks.o(i.prvCheckTasksWaitingTermination)
    prvCheckTasksWaitingTermination          0x08002b65   Thumb Code    56  tasks.o(i.prvCheckTasksWaitingTermination)
    i.prvCopyDataFromQueue                   0x08002ba4   Section        0  queue.o(i.prvCopyDataFromQueue)
    prvCopyDataFromQueue                     0x08002ba5   Thumb Code    36  queue.o(i.prvCopyDataFromQueue)
    i.prvCopyDataToQueue                     0x08002bc8   Section        0  queue.o(i.prvCopyDataToQueue)
    prvCopyDataToQueue                       0x08002bc9   Thumb Code   110  queue.o(i.prvCopyDataToQueue)
    i.prvDeleteTCB                           0x08002c36   Section        0  tasks.o(i.prvDeleteTCB)
    prvDeleteTCB                             0x08002c37   Thumb Code    64  tasks.o(i.prvDeleteTCB)
    i.prvHeapInit                            0x08002c78   Section        0  heap_4.o(i.prvHeapInit)
    prvHeapInit                              0x08002c79   Thumb Code    70  heap_4.o(i.prvHeapInit)
    i.prvIdleTask                            0x08002cc8   Section        0  tasks.o(i.prvIdleTask)
    prvIdleTask                              0x08002cc9   Thumb Code    30  tasks.o(i.prvIdleTask)
    i.prvInitialiseNewQueue                  0x08002cf0   Section        0  queue.o(i.prvInitialiseNewQueue)
    prvInitialiseNewQueue                    0x08002cf1   Thumb Code    24  queue.o(i.prvInitialiseNewQueue)
    i.prvInitialiseNewTask                   0x08002d08   Section        0  tasks.o(i.prvInitialiseNewTask)
    prvInitialiseNewTask                     0x08002d09   Thumb Code   116  tasks.o(i.prvInitialiseNewTask)
    i.prvInitialiseTaskLists                 0x08002d7c   Section        0  tasks.o(i.prvInitialiseTaskLists)
    prvInitialiseTaskLists                   0x08002d7d   Thumb Code    66  tasks.o(i.prvInitialiseTaskLists)
    i.prvInsertBlockIntoFreeList             0x08002ddc   Section        0  heap_4.o(i.prvInsertBlockIntoFreeList)
    prvInsertBlockIntoFreeList               0x08002ddd   Thumb Code    84  heap_4.o(i.prvInsertBlockIntoFreeList)
    i.prvIsQueueEmpty                        0x08002e38   Section        0  queue.o(i.prvIsQueueEmpty)
    prvIsQueueEmpty                          0x08002e39   Thumb Code    26  queue.o(i.prvIsQueueEmpty)
    i.prvIsQueueFull                         0x08002e52   Section        0  queue.o(i.prvIsQueueFull)
    prvIsQueueFull                           0x08002e53   Thumb Code    30  queue.o(i.prvIsQueueFull)
    i.prvResetNextTaskUnblockTime            0x08002e70   Section        0  tasks.o(i.prvResetNextTaskUnblockTime)
    prvResetNextTaskUnblockTime              0x08002e71   Thumb Code    30  tasks.o(i.prvResetNextTaskUnblockTime)
    i.prvTaskExitError                       0x08002e94   Section        0  port.o(i.prvTaskExitError)
    prvTaskExitError                         0x08002e95   Thumb Code    42  port.o(i.prvTaskExitError)
    i.prvUnlockQueue                         0x08002ec4   Section        0  queue.o(i.prvUnlockQueue)
    prvUnlockQueue                           0x08002ec5   Thumb Code   104  queue.o(i.prvUnlockQueue)
    i.pvPortMalloc                           0x08002f2c   Section        0  heap_4.o(i.pvPortMalloc)
    i.pxPortInitialiseStack                  0x08003010   Section        0  port.o(i.pxPortInitialiseStack)
    i.uxListRemove                           0x08003034   Section        0  list.o(i.uxListRemove)
    i.vApplicationGetIdleTaskMemory          0x0800305c   Section        0  freertos.o(i.vApplicationGetIdleTaskMemory)
    i.vListInitialise                        0x08003074   Section        0  list.o(i.vListInitialise)
    i.vListInitialiseItem                    0x0800308a   Section        0  list.o(i.vListInitialiseItem)
    i.vListInsert                            0x08003090   Section        0  list.o(i.vListInsert)
    i.vListInsertEnd                         0x080030c6   Section        0  list.o(i.vListInsertEnd)
    i.vPortEnterCritical                     0x080030e0   Section        0  port.o(i.vPortEnterCritical)
    i.vPortExitCritical                      0x08003120   Section        0  port.o(i.vPortExitCritical)
    i.vPortFree                              0x0800314c   Section        0  heap_4.o(i.vPortFree)
    i.vPortSetupTimerInterrupt               0x080031a8   Section        0  port.o(i.vPortSetupTimerInterrupt)
    i.vTaskDelay                             0x080031cc   Section        0  tasks.o(i.vTaskDelay)
    i.vTaskInternalSetTimeOutState           0x0800321c   Section        0  tasks.o(i.vTaskInternalSetTimeOutState)
    i.vTaskMissedYield                       0x0800322c   Section        0  tasks.o(i.vTaskMissedYield)
    i.vTaskPlaceOnEventList                  0x08003238   Section        0  tasks.o(i.vTaskPlaceOnEventList)
    i.vTaskStartScheduler                    0x0800326c   Section        0  tasks.o(i.vTaskStartScheduler)
    i.vTaskSuspendAll                        0x080032f4   Section        0  tasks.o(i.vTaskSuspendAll)
    i.vTaskSwitchContext                     0x08003304   Section        0  tasks.o(i.vTaskSwitchContext)
    i.xPortStartScheduler                    0x08003364   Section        0  port.o(i.xPortStartScheduler)
    i.xQueueGenericCreate                    0x08003418   Section        0  queue.o(i.xQueueGenericCreate)
    i.xQueueGenericCreateStatic              0x08003462   Section        0  queue.o(i.xQueueGenericCreateStatic)
    i.xQueueGenericReset                     0x080034d4   Section        0  queue.o(i.xQueueGenericReset)
    i.xQueueGenericSend                      0x08003564   Section        0  queue.o(i.xQueueGenericSend)
    i.xQueueReceive                          0x080036d4   Section        0  queue.o(i.xQueueReceive)
    i.xTaskCheckForTimeOut                   0x0800381c   Section        0  tasks.o(i.xTaskCheckForTimeOut)
    i.xTaskCreate                            0x0800389c   Section        0  tasks.o(i.xTaskCreate)
    i.xTaskCreateStatic                      0x08003908   Section        0  tasks.o(i.xTaskCreateStatic)
    i.xTaskGetSchedulerState                 0x08003968   Section        0  tasks.o(i.xTaskGetSchedulerState)
    i.xTaskIncrementTick                     0x08003984   Section        0  tasks.o(i.xTaskIncrementTick)
    i.xTaskPriorityDisinherit                0x08003a54   Section        0  tasks.o(i.xTaskPriorityDisinherit)
    i.xTaskRemoveFromEventList               0x08003af0   Section        0  tasks.o(i.xTaskRemoveFromEventList)
    i.xTaskResumeAll                         0x08003b68   Section        0  tasks.o(i.xTaskResumeAll)
    .constdata                               0x08003c34   Section      100  freertos.o(.constdata)
    .constdata                               0x08003c98   Section       18  stm32f1xx_hal_rcc.o(.constdata)
    aPLLMULFactorTable                       0x08003c98   Data          16  stm32f1xx_hal_rcc.o(.constdata)
    aPredivFactorTable                       0x08003ca8   Data           2  stm32f1xx_hal_rcc.o(.constdata)
    .constdata                               0x08003caa   Section       18  stm32f1xx_hal_rcc_ex.o(.constdata)
    aPLLMULFactorTable                       0x08003caa   Data          16  stm32f1xx_hal_rcc_ex.o(.constdata)
    aPredivFactorTable                       0x08003cba   Data           2  stm32f1xx_hal_rcc_ex.o(.constdata)
    .constdata                               0x08003cbc   Section       24  system_stm32f1xx.o(.constdata)
    .conststring                             0x08003cd4   Section       37  freertos.o(.conststring)
    .data                                    0x20000000   Section       16  freertos.o(.data)
    .data                                    0x20000010   Section        9  stm32f1xx_hal.o(.data)
    .data                                    0x2000001c   Section        4  system_stm32f1xx.o(.data)
    .data                                    0x20000020   Section       60  tasks.o(.data)
    pxDelayedTaskList                        0x20000024   Data           4  tasks.o(.data)
    pxOverflowDelayedTaskList                0x20000028   Data           4  tasks.o(.data)
    uxDeletedTasksWaitingCleanUp             0x2000002c   Data           4  tasks.o(.data)
    uxCurrentNumberOfTasks                   0x20000030   Data           4  tasks.o(.data)
    xTickCount                               0x20000034   Data           4  tasks.o(.data)
    uxTopReadyPriority                       0x20000038   Data           4  tasks.o(.data)
    xSchedulerRunning                        0x2000003c   Data           4  tasks.o(.data)
    uxPendedTicks                            0x20000040   Data           4  tasks.o(.data)
    xYieldPending                            0x20000044   Data           4  tasks.o(.data)
    xNumOfOverflows                          0x20000048   Data           4  tasks.o(.data)
    uxTaskNumber                             0x2000004c   Data           4  tasks.o(.data)
    xNextTaskUnblockTime                     0x20000050   Data           4  tasks.o(.data)
    xIdleTaskHandle                          0x20000054   Data           4  tasks.o(.data)
    uxSchedulerSuspended                     0x20000058   Data           4  tasks.o(.data)
    .data                                    0x2000005c   Section       24  heap_4.o(.data)
    pxEnd                                    0x2000005c   Data           4  heap_4.o(.data)
    xFreeBytesRemaining                      0x20000060   Data           4  heap_4.o(.data)
    xMinimumEverFreeBytesRemaining           0x20000064   Data           4  heap_4.o(.data)
    xBlockAllocatedBit                       0x20000068   Data           4  heap_4.o(.data)
    xStart                                   0x2000006c   Data           8  heap_4.o(.data)
    .data                                    0x20000074   Section       12  port.o(.data)
    ucMaxSysCallPriority                     0x20000074   Data           1  port.o(.data)
    uxCriticalNesting                        0x20000078   Data           4  port.o(.data)
    ulMaxPRIGROUPValue                       0x2000007c   Data           4  port.o(.data)
    .data                                    0x20000080   Section        4  stdout.o(.data)
    .bss                                     0x20000084   Section      596  freertos.o(.bss)
    xIdleTaskTCBBuffer                       0x20000084   Data          84  freertos.o(.bss)
    xIdleStack                               0x200000d8   Data         512  freertos.o(.bss)
    .bss                                     0x200002d8   Section       48  adc.o(.bss)
    .bss                                     0x20000308   Section       72  usart.o(.bss)
    .bss                                     0x20000350   Section       72  stm32f1xx_hal_timebase_tim.o(.bss)
    .bss                                     0x20000398   Section      240  tasks.o(.bss)
    pxReadyTasksLists                        0x20000398   Data         140  tasks.o(.bss)
    xDelayedTaskList1                        0x20000424   Data          20  tasks.o(.bss)
    xDelayedTaskList2                        0x20000438   Data          20  tasks.o(.bss)
    xPendingReadyList                        0x2000044c   Data          20  tasks.o(.bss)
    xTasksWaitingTermination                 0x20000460   Data          20  tasks.o(.bss)
    xSuspendedTaskList                       0x20000474   Data          20  tasks.o(.bss)
    .bss                                     0x20000488   Section     3072  heap_4.o(.bss)
    ucHeap                                   0x20000488   Data        3072  heap_4.o(.bss)
    STACK                                    0x20001088   Section     1024  startup_stm32f103xe.o(STACK)

    Global Symbols

    Symbol Name                              Value     Ov Type        Size  Object(Section)

    BuildAttributes$$THM_ISAv4$P$D$K$B$S$PE$A:L22UL41UL21$X:L11$S22US41US21$IEEE1$IW$USESV6$~STKCKD$USESV7$~SHL$OTIME$ROPI$EBA8$MICROLIB$REQ8$PRES8$EABIv2 0x00000000   Number         0  anon$$obj.o ABSOLUTE
    __ARM_use_no_argv                        0x00000000   Number         0  main.o ABSOLUTE
    __arm_fini_                               - Undefined Weak Reference
    __cpp_initialize__aeabi_                  - Undefined Weak Reference
    __cxa_finalize                            - Undefined Weak Reference
    __decompress                              - Undefined Weak Reference
    _clock_init                               - Undefined Weak Reference
    _microlib_exit                            - Undefined Weak Reference
    __Vectors_Size                           0x00000130   Number         0  startup_stm32f103xe.o ABSOLUTE
    __Vectors                                0x08000000   Data           4  startup_stm32f103xe.o(RESET)
    __Vectors_End                            0x08000130   Data           0  startup_stm32f103xe.o(RESET)
    __main                                   0x08000131   Thumb Code     0  entry.o(.ARM.Collect$$$$00000000)
    _main_stk                                0x08000131   Thumb Code     0  entry2.o(.ARM.Collect$$$$00000001)
    _main_scatterload                        0x08000135   Thumb Code     0  entry5.o(.ARM.Collect$$$$00000004)
    __main_after_scatterload                 0x08000139   Thumb Code     0  entry5.o(.ARM.Collect$$$$00000004)
    _main_clock                              0x08000139   Thumb Code     0  entry7b.o(.ARM.Collect$$$$00000008)
    _main_cpp_init                           0x08000139   Thumb Code     0  entry8b.o(.ARM.Collect$$$$0000000A)
    _main_init                               0x08000139   Thumb Code     0  entry9a.o(.ARM.Collect$$$$0000000B)
    __rt_lib_shutdown_fini                   0x08000141   Thumb Code     0  entry12b.o(.ARM.Collect$$$$0000000E)
    __rt_final_cpp                           0x08000145   Thumb Code     0  entry10a.o(.ARM.Collect$$$$0000000F)
    __rt_final_exit                          0x08000145   Thumb Code     0  entry11a.o(.ARM.Collect$$$$00000011)
    SVC_Handler                              0x08000149   Thumb Code    32  port.o(.emb_text)
    __asm___6_port_c_39a90d8d__prvStartFirstTask 0x0800016d   Thumb Code    28  port.o(.emb_text)
    PendSV_Handler                           0x0800018d   Thumb Code    72  port.o(.emb_text)
    vPortGetIPSR                             0x080001d9   Thumb Code     6  port.o(.emb_text)
    Reset_Handler                            0x080001e1   Thumb Code     8  startup_stm32f103xe.o(.text)
    ADC1_2_IRQHandler                        0x080001fb   Thumb Code     0  startup_stm32f103xe.o(.text)
    ADC3_IRQHandler                          0x080001fb   Thumb Code     0  startup_stm32f103xe.o(.text)
    CAN1_RX1_IRQHandler                      0x080001fb   Thumb Code     0  startup_stm32f103xe.o(.text)
    CAN1_SCE_IRQHandler                      0x080001fb   Thumb Code     0  startup_stm32f103xe.o(.text)
    DMA1_Channel1_IRQHandler                 0x080001fb   Thumb Code     0  startup_stm32f103xe.o(.text)
    DMA1_Channel2_IRQHandler                 0x080001fb   Thumb Code     0  startup_stm32f103xe.o(.text)
    DMA1_Channel3_IRQHandler                 0x080001fb   Thumb Code     0  startup_stm32f103xe.o(.text)
    DMA1_Channel4_IRQHandler                 0x080001fb   Thumb Code     0  startup_stm32f103xe.o(.text)
    DMA1_Channel5_IRQHandler                 0x080001fb   Thumb Code     0  startup_stm32f103xe.o(.text)
    DMA1_Channel6_IRQHandler                 0x080001fb   Thumb Code     0  startup_stm32f103xe.o(.text)
    DMA1_Channel7_IRQHandler                 0x080001fb   Thumb Code     0  startup_stm32f103xe.o(.text)
    DMA2_Channel1_IRQHandler                 0x080001fb   Thumb Code     0  startup_stm32f103xe.o(.text)
    DMA2_Channel2_IRQHandler                 0x080001fb   Thumb Code     0  startup_stm32f103xe.o(.text)
    DMA2_Channel3_IRQHandler                 0x080001fb   Thumb Code     0  startup_stm32f103xe.o(.text)
    DMA2_Channel4_5_IRQHandler               0x080001fb   Thumb Code     0  startup_stm32f103xe.o(.text)
    EXTI0_IRQHandler                         0x080001fb   Thumb Code     0  startup_stm32f103xe.o(.text)
    EXTI15_10_IRQHandler                     0x080001fb   Thumb Code     0  startup_stm32f103xe.o(.text)
    EXTI1_IRQHandler                         0x080001fb   Thumb Code     0  startup_stm32f103xe.o(.text)
    EXTI2_IRQHandler                         0x080001fb   Thumb Code     0  startup_stm32f103xe.o(.text)
    EXTI3_IRQHandler                         0x080001fb   Thumb Code     0  startup_stm32f103xe.o(.text)
    EXTI4_IRQHandler                         0x080001fb   Thumb Code     0  startup_stm32f103xe.o(.text)
    EXTI9_5_IRQHandler                       0x080001fb   Thumb Code     0  startup_stm32f103xe.o(.text)
    FLASH_IRQHandler                         0x080001fb   Thumb Code     0  startup_stm32f103xe.o(.text)
    FSMC_IRQHandler                          0x080001fb   Thumb Code     0  startup_stm32f103xe.o(.text)
    I2C1_ER_IRQHandler                       0x080001fb   Thumb Code     0  startup_stm32f103xe.o(.text)
    I2C1_EV_IRQHandler                       0x080001fb   Thumb Code     0  startup_stm32f103xe.o(.text)
    I2C2_ER_IRQHandler                       0x080001fb   Thumb Code     0  startup_stm32f103xe.o(.text)
    I2C2_EV_IRQHandler                       0x080001fb   Thumb Code     0  startup_stm32f103xe.o(.text)
    PVD_IRQHandler                           0x080001fb   Thumb Code     0  startup_stm32f103xe.o(.text)
    RCC_IRQHandler                           0x080001fb   Thumb Code     0  startup_stm32f103xe.o(.text)
    RTC_Alarm_IRQHandler                     0x080001fb   Thumb Code     0  startup_stm32f103xe.o(.text)
    RTC_IRQHandler                           0x080001fb   Thumb Code     0  startup_stm32f103xe.o(.text)
    SDIO_IRQHandler                          0x080001fb   Thumb Code     0  startup_stm32f103xe.o(.text)
    SPI1_IRQHandler                          0x080001fb   Thumb Code     0  startup_stm32f103xe.o(.text)
    SPI2_IRQHandler                          0x080001fb   Thumb Code     0  startup_stm32f103xe.o(.text)
    SPI3_IRQHandler                          0x080001fb   Thumb Code     0  startup_stm32f103xe.o(.text)
    TAMPER_IRQHandler                        0x080001fb   Thumb Code     0  startup_stm32f103xe.o(.text)
    TIM1_BRK_IRQHandler                      0x080001fb   Thumb Code     0  startup_stm32f103xe.o(.text)
    TIM1_CC_IRQHandler                       0x080001fb   Thumb Code     0  startup_stm32f103xe.o(.text)
    TIM1_TRG_COM_IRQHandler                  0x080001fb   Thumb Code     0  startup_stm32f103xe.o(.text)
    TIM2_IRQHandler                          0x080001fb   Thumb Code     0  startup_stm32f103xe.o(.text)
    TIM3_IRQHandler                          0x080001fb   Thumb Code     0  startup_stm32f103xe.o(.text)
    TIM4_IRQHandler                          0x080001fb   Thumb Code     0  startup_stm32f103xe.o(.text)
    TIM5_IRQHandler                          0x080001fb   Thumb Code     0  startup_stm32f103xe.o(.text)
    TIM6_IRQHandler                          0x080001fb   Thumb Code     0  startup_stm32f103xe.o(.text)
    TIM7_IRQHandler                          0x080001fb   Thumb Code     0  startup_stm32f103xe.o(.text)
    TIM8_BRK_IRQHandler                      0x080001fb   Thumb Code     0  startup_stm32f103xe.o(.text)
    TIM8_CC_IRQHandler                       0x080001fb   Thumb Code     0  startup_stm32f103xe.o(.text)
    TIM8_TRG_COM_IRQHandler                  0x080001fb   Thumb Code     0  startup_stm32f103xe.o(.text)
    TIM8_UP_IRQHandler                       0x080001fb   Thumb Code     0  startup_stm32f103xe.o(.text)
    UART4_IRQHandler                         0x080001fb   Thumb Code     0  startup_stm32f103xe.o(.text)
    UART5_IRQHandler                         0x080001fb   Thumb Code     0  startup_stm32f103xe.o(.text)
    USART2_IRQHandler                        0x080001fb   Thumb Code     0  startup_stm32f103xe.o(.text)
    USART3_IRQHandler                        0x080001fb   Thumb Code     0  startup_stm32f103xe.o(.text)
    USBWakeUp_IRQHandler                     0x080001fb   Thumb Code     0  startup_stm32f103xe.o(.text)
    USB_HP_CAN1_TX_IRQHandler                0x080001fb   Thumb Code     0  startup_stm32f103xe.o(.text)
    USB_LP_CAN1_RX0_IRQHandler               0x080001fb   Thumb Code     0  startup_stm32f103xe.o(.text)
    WWDG_IRQHandler                          0x080001fb   Thumb Code     0  startup_stm32f103xe.o(.text)
    __aeabi_memcpy                           0x08000205   Thumb Code    36  memcpya.o(.text)
    __aeabi_memcpy4                          0x08000205   Thumb Code     0  memcpya.o(.text)
    __aeabi_memcpy8                          0x08000205   Thumb Code     0  memcpya.o(.text)
    __aeabi_memset                           0x08000229   Thumb Code    14  memseta.o(.text)
    __aeabi_memset4                          0x08000229   Thumb Code     0  memseta.o(.text)
    __aeabi_memset8                          0x08000229   Thumb Code     0  memseta.o(.text)
    __aeabi_memclr                           0x08000237   Thumb Code     4  memseta.o(.text)
    __aeabi_memclr4                          0x08000237   Thumb Code     0  memseta.o(.text)
    __aeabi_memclr8                          0x08000237   Thumb Code     0  memseta.o(.text)
    memset                                   0x0800023b   Thumb Code    18  memseta.o(.text)
    __scatterload                            0x0800024d   Thumb Code    28  init.o(.text)
    __scatterload_rt2                        0x0800024d   Thumb Code     0  init.o(.text)
    ADC_ConversionStop_Disable               0x08000271   Thumb Code    92  stm32f1xx_hal_adc.o(i.ADC_ConversionStop_Disable)
    ADC_Enable                               0x080002cd   Thumb Code   134  stm32f1xx_hal_adc.o(i.ADC_Enable)
    BusFault_Handler                         0x0800035d   Thumb Code     4  stm32f1xx_it.o(i.BusFault_Handler)
    CreateDataFrame                          0x08000361   Thumb Code    46  freertos.o(i.CreateDataFrame)
    DebugMon_Handler                         0x0800038f   Thumb Code     2  stm32f1xx_it.o(i.DebugMon_Handler)
    Error_Handler                            0x08000391   Thumb Code     6  main.o(i.Error_Handler)
    HAL_ADC_ConfigChannel                    0x08000399   Thumb Code   338  stm32f1xx_hal_adc.o(i.HAL_ADC_ConfigChannel)
    HAL_ADC_GetValue                         0x080004f9   Thumb Code     8  stm32f1xx_hal_adc.o(i.HAL_ADC_GetValue)
    HAL_ADC_Init                             0x08000501   Thumb Code   340  stm32f1xx_hal_adc.o(i.HAL_ADC_Init)
    HAL_ADC_MspInit                          0x08000661   Thumb Code    98  adc.o(i.HAL_ADC_MspInit)
    HAL_ADC_PollForConversion                0x080006d1   Thumb Code   366  stm32f1xx_hal_adc.o(i.HAL_ADC_PollForConversion)
    HAL_ADC_Start                            0x08000851   Thumb Code   294  stm32f1xx_hal_adc.o(i.HAL_ADC_Start)
    HAL_DMA_Abort                            0x08000981   Thumb Code    86  stm32f1xx_hal_dma.o(i.HAL_DMA_Abort)
    HAL_DMA_Abort_IT                         0x080009d9   Thumb Code   414  stm32f1xx_hal_dma.o(i.HAL_DMA_Abort_IT)
    HAL_GPIO_Init                            0x08000b81   Thumb Code   792  stm32f1xx_hal_gpio.o(i.HAL_GPIO_Init)
    HAL_GPIO_WritePin                        0x08000ec1   Thumb Code    12  stm32f1xx_hal_gpio.o(i.HAL_GPIO_WritePin)
    HAL_GetTick                              0x08000ecd   Thumb Code     6  stm32f1xx_hal.o(i.HAL_GetTick)
    HAL_IncTick                              0x08000ed9   Thumb Code    16  stm32f1xx_hal.o(i.HAL_IncTick)
    HAL_Init                                 0x08000ef1   Thumb Code    34  stm32f1xx_hal.o(i.HAL_Init)
    HAL_InitTick                             0x08000f19   Thumb Code   138  stm32f1xx_hal_timebase_tim.o(i.HAL_InitTick)
    HAL_MspInit                              0x08000fb9   Thumb Code    86  stm32f1xx_hal_msp.o(i.HAL_MspInit)
    HAL_NVIC_EnableIRQ                       0x08001019   Thumb Code    32  stm32f1xx_hal_cortex.o(i.HAL_NVIC_EnableIRQ)
    HAL_NVIC_SetPriority                     0x08001039   Thumb Code   124  stm32f1xx_hal_cortex.o(i.HAL_NVIC_SetPriority)
    HAL_NVIC_SetPriorityGrouping             0x080010b5   Thumb Code    32  stm32f1xx_hal_cortex.o(i.HAL_NVIC_SetPriorityGrouping)
    HAL_RCCEx_GetPeriphCLKFreq               0x080010dd   Thumb Code   260  stm32f1xx_hal_rcc_ex.o(i.HAL_RCCEx_GetPeriphCLKFreq)
    HAL_RCCEx_PeriphCLKConfig                0x080011f5   Thumb Code   290  stm32f1xx_hal_rcc_ex.o(i.HAL_RCCEx_PeriphCLKConfig)
    HAL_RCC_ClockConfig                      0x08001325   Thumb Code   376  stm32f1xx_hal_rcc.o(i.HAL_RCC_ClockConfig)
    HAL_RCC_GetClockConfig                   0x080014b1   Thumb Code    58  stm32f1xx_hal_rcc.o(i.HAL_RCC_GetClockConfig)
    HAL_RCC_GetHCLKFreq                      0x080014f5   Thumb Code     6  stm32f1xx_hal_rcc.o(i.HAL_RCC_GetHCLKFreq)
    HAL_RCC_GetPCLK1Freq                     0x08001501   Thumb Code    22  stm32f1xx_hal_rcc.o(i.HAL_RCC_GetPCLK1Freq)
    HAL_RCC_GetPCLK2Freq                     0x08001521   Thumb Code    22  stm32f1xx_hal_rcc.o(i.HAL_RCC_GetPCLK2Freq)
    HAL_RCC_GetSysClockFreq                  0x08001541   Thumb Code    92  stm32f1xx_hal_rcc.o(i.HAL_RCC_GetSysClockFreq)
    HAL_RCC_OscConfig                        0x080015b1   Thumb Code  1114  stm32f1xx_hal_rcc.o(i.HAL_RCC_OscConfig)
    HAL_TIMEx_BreakCallback                  0x08001a15   Thumb Code     2  stm32f1xx_hal_tim_ex.o(i.HAL_TIMEx_BreakCallback)
    HAL_TIMEx_CommutCallback                 0x08001a17   Thumb Code     2  stm32f1xx_hal_tim_ex.o(i.HAL_TIMEx_CommutCallback)
    HAL_TIM_Base_Init                        0x08001a19   Thumb Code   102  stm32f1xx_hal_tim.o(i.HAL_TIM_Base_Init)
    HAL_TIM_Base_MspInit                     0x08001a7f   Thumb Code     2  stm32f1xx_hal_tim.o(i.HAL_TIM_Base_MspInit)
    HAL_TIM_Base_Start_IT                    0x08001a81   Thumb Code   122  stm32f1xx_hal_tim.o(i.HAL_TIM_Base_Start_IT)
    HAL_TIM_IC_CaptureCallback               0x08001b11   Thumb Code     2  stm32f1xx_hal_tim.o(i.HAL_TIM_IC_CaptureCallback)
    HAL_TIM_IRQHandler                       0x08001b13   Thumb Code   406  stm32f1xx_hal_tim.o(i.HAL_TIM_IRQHandler)
    HAL_TIM_OC_DelayElapsedCallback          0x08001ca9   Thumb Code     2  stm32f1xx_hal_tim.o(i.HAL_TIM_OC_DelayElapsedCallback)
    HAL_TIM_PWM_PulseFinishedCallback        0x08001cab   Thumb Code     2  stm32f1xx_hal_tim.o(i.HAL_TIM_PWM_PulseFinishedCallback)
    HAL_TIM_PeriodElapsedCallback            0x08001cad   Thumb Code    18  main.o(i.HAL_TIM_PeriodElapsedCallback)
    HAL_TIM_TriggerCallback                  0x08001cc5   Thumb Code     2  stm32f1xx_hal_tim.o(i.HAL_TIM_TriggerCallback)
    HAL_UARTEx_RxEventCallback               0x08001cc7   Thumb Code     2  stm32f1xx_hal_uart.o(i.HAL_UARTEx_RxEventCallback)
    HAL_UART_ErrorCallback                   0x08001cc9   Thumb Code     2  stm32f1xx_hal_uart.o(i.HAL_UART_ErrorCallback)
    HAL_UART_IRQHandler                      0x08001ccd   Thumb Code   736  stm32f1xx_hal_uart.o(i.HAL_UART_IRQHandler)
    HAL_UART_Init                            0x08001fb1   Thumb Code   118  stm32f1xx_hal_uart.o(i.HAL_UART_Init)
    HAL_UART_MspInit                         0x08002029   Thumb Code   138  usart.o(i.HAL_UART_MspInit)
    HAL_UART_RxCpltCallback                  0x080020c1   Thumb Code     2  stm32f1xx_hal_uart.o(i.HAL_UART_RxCpltCallback)
    HAL_UART_Transmit                        0x080020c3   Thumb Code   178  stm32f1xx_hal_uart.o(i.HAL_UART_Transmit)
    HAL_UART_TxCpltCallback                  0x08002175   Thumb Code     2  stm32f1xx_hal_uart.o(i.HAL_UART_TxCpltCallback)
    HardFault_Handler                        0x08002177   Thumb Code     4  stm32f1xx_it.o(i.HardFault_Handler)
    MX_ADC1_Init                             0x0800217d   Thumb Code    86  adc.o(i.MX_ADC1_Init)
    MX_FREERTOS_Init                         0x080021dd   Thumb Code   104  freertos.o(i.MX_FREERTOS_Init)
    MX_GPIO_Init                             0x08002259   Thumb Code   106  gpio.o(i.MX_GPIO_Init)
    MX_USART1_UART_Init                      0x080022cd   Thumb Code    46  usart.o(i.MX_USART1_UART_Init)
    MemManage_Handler                        0x08002305   Thumb Code     4  stm32f1xx_it.o(i.MemManage_Handler)
    MyTask1                                  0x08002309   Thumb Code    90  freertos.o(i.MyTask1)
    MyTask2                                  0x08002371   Thumb Code    52  freertos.o(i.MyTask2)
    NMI_Handler                              0x080023b1   Thumb Code     4  stm32f1xx_it.o(i.NMI_Handler)
    StartDefaultTask                         0x080023dd   Thumb Code    10  freertos.o(i.StartDefaultTask)
    SysTick_Handler                          0x080023e9   Thumb Code    38  port.o(i.SysTick_Handler)
    SystemClock_Config                       0x08002415   Thumb Code   130  main.o(i.SystemClock_Config)
    SystemInit                               0x08002497   Thumb Code     2  system_stm32f1xx.o(i.SystemInit)
    TIM1_UP_IRQHandler                       0x08002499   Thumb Code    10  stm32f1xx_it.o(i.TIM1_UP_IRQHandler)
    TIM_Base_SetConfig                       0x080024a9   Thumb Code   134  stm32f1xx_hal_tim.o(i.TIM_Base_SetConfig)
    USART1_IRQHandler                        0x080028d1   Thumb Code    10  stm32f1xx_it.o(i.USART1_IRQHandler)
    UsageFault_Handler                       0x080028e1   Thumb Code     4  stm32f1xx_it.o(i.UsageFault_Handler)
    __0printf$bare                           0x080028e5   Thumb Code     8  printfb.o(i.__0printf$bare)
    __1printf$bare                           0x080028e5   Thumb Code     0  printfb.o(i.__0printf$bare)
    __2printf                                0x080028e5   Thumb Code     0  printfb.o(i.__0printf$bare)
    __scatterload_copy                       0x0800292d   Thumb Code    14  handlers.o(i.__scatterload_copy)
    __scatterload_null                       0x0800293b   Thumb Code     2  handlers.o(i.__scatterload_null)
    __scatterload_zeroinit                   0x0800293d   Thumb Code    14  handlers.o(i.__scatterload_zeroinit)
    fputc                                    0x0800296d   Thumb Code    22  main.o(i.fputc)
    main                                     0x08002989   Thumb Code    38  main.o(i.main)
    osDelay                                  0x080029c5   Thumb Code    16  cmsis_os.o(i.osDelay)
    osKernelStart                            0x080029d5   Thumb Code    10  cmsis_os.o(i.osKernelStart)
    osMessageCreate                          0x080029df   Thumb Code    42  cmsis_os.o(i.osMessageCreate)
    osThreadCreate                           0x08002a09   Thumb Code    92  cmsis_os.o(i.osThreadCreate)
    pvPortMalloc                             0x08002f2d   Thumb Code   218  heap_4.o(i.pvPortMalloc)
    pxPortInitialiseStack                    0x08003011   Thumb Code    30  port.o(i.pxPortInitialiseStack)
    uxListRemove                             0x08003035   Thumb Code    38  list.o(i.uxListRemove)
    vApplicationGetIdleTaskMemory            0x0800305d   Thumb Code    14  freertos.o(i.vApplicationGetIdleTaskMemory)
    vListInitialise                          0x08003075   Thumb Code    22  list.o(i.vListInitialise)
    vListInitialiseItem                      0x0800308b   Thumb Code     6  list.o(i.vListInitialiseItem)
    vListInsert                              0x08003091   Thumb Code    54  list.o(i.vListInsert)
    vListInsertEnd                           0x080030c7   Thumb Code    24  list.o(i.vListInsertEnd)
    vPortEnterCritical                       0x080030e1   Thumb Code    54  port.o(i.vPortEnterCritical)
    vPortExitCritical                        0x08003121   Thumb Code    38  port.o(i.vPortExitCritical)
    vPortFree                                0x0800314d   Thumb Code    88  heap_4.o(i.vPortFree)
    vPortSetupTimerInterrupt                 0x080031a9   Thumb Code    32  port.o(i.vPortSetupTimerInterrupt)
    vTaskDelay                               0x080031cd   Thumb Code    70  tasks.o(i.vTaskDelay)
    vTaskInternalSetTimeOutState             0x0800321d   Thumb Code    12  tasks.o(i.vTaskInternalSetTimeOutState)
    vTaskMissedYield                         0x0800322d   Thumb Code     8  tasks.o(i.vTaskMissedYield)
    vTaskPlaceOnEventList                    0x08003239   Thumb Code    48  tasks.o(i.vTaskPlaceOnEventList)
    vTaskStartScheduler                      0x0800326d   Thumb Code   120  tasks.o(i.vTaskStartScheduler)
    vTaskSuspendAll                          0x080032f5   Thumb Code    10  tasks.o(i.vTaskSuspendAll)
    vTaskSwitchContext                       0x08003305   Thumb Code    86  tasks.o(i.vTaskSwitchContext)
    xPortStartScheduler                      0x08003365   Thumb Code   168  port.o(i.xPortStartScheduler)
    xQueueGenericCreate                      0x08003419   Thumb Code    74  queue.o(i.xQueueGenericCreate)
    xQueueGenericCreateStatic                0x08003463   Thumb Code   112  queue.o(i.xQueueGenericCreateStatic)
    xQueueGenericReset                       0x080034d5   Thumb Code   138  queue.o(i.xQueueGenericReset)
    xQueueGenericSend                        0x08003565   Thumb Code   362  queue.o(i.xQueueGenericSend)
    xQueueReceive                            0x080036d5   Thumb Code   322  queue.o(i.xQueueReceive)
    xTaskCheckForTimeOut                     0x0800381d   Thumb Code   122  tasks.o(i.xTaskCheckForTimeOut)
    xTaskCreate                              0x0800389d   Thumb Code   108  tasks.o(i.xTaskCreate)
    xTaskCreateStatic                        0x08003909   Thumb Code    96  tasks.o(i.xTaskCreateStatic)
    xTaskGetSchedulerState                   0x08003969   Thumb Code    24  tasks.o(i.xTaskGetSchedulerState)
    xTaskIncrementTick                       0x08003985   Thumb Code   200  tasks.o(i.xTaskIncrementTick)
    xTaskPriorityDisinherit                  0x08003a55   Thumb Code   146  tasks.o(i.xTaskPriorityDisinherit)
    xTaskRemoveFromEventList                 0x08003af1   Thumb Code   108  tasks.o(i.xTaskRemoveFromEventList)
    xTaskResumeAll                           0x08003b69   Thumb Code   190  tasks.o(i.xTaskResumeAll)
    AHBPrescTable                            0x08003cbc   Data          16  system_stm32f1xx.o(.constdata)
    APBPrescTable                            0x08003ccc   Data           8  system_stm32f1xx.o(.constdata)
    Region$$Table$$Base                      0x08003cfc   Number         0  anon$$obj.o(Region$$Table)
    Region$$Table$$Limit                     0x08003d1c   Number         0  anon$$obj.o(Region$$Table)
    defaultTaskHandle                        0x20000000   Data           4  freertos.o(.data)
    ADC_CaptureHandle                        0x20000004   Data           4  freertos.o(.data)
    Data_TrasmitHandle                       0x20000008   Data           4  freertos.o(.data)
    Data_QueueHandle                         0x2000000c   Data           4  freertos.o(.data)
    uwTick                                   0x20000010   Data           4  stm32f1xx_hal.o(.data)
    uwTickPrio                               0x20000014   Data           4  stm32f1xx_hal.o(.data)
    uwTickFreq                               0x20000018   Data           1  stm32f1xx_hal.o(.data)
    SystemCoreClock                          0x2000001c   Data           4  system_stm32f1xx.o(.data)
    pxCurrentTCB                             0x20000020   Data           4  tasks.o(.data)
    __stdout                                 0x20000080   Data           4  stdout.o(.data)
    hadc1                                    0x200002d8   Data          48  adc.o(.bss)
    huart1                                   0x20000308   Data          72  usart.o(.bss)
    htim1                                    0x20000350   Data          72  stm32f1xx_hal_timebase_tim.o(.bss)
    __initial_sp                             0x20001488   Data           0  startup_stm32f103xe.o(STACK)



==============================================================================

Memory Map of the image

  Image Entry point : 0x08000131

  Load Region LR_IROM1 (Base: 0x08000000, Size: 0x00003da0, Max: 0x00080000, ABSOLUTE)

    Execution Region ER_IROM1 (Exec base: 0x08000000, Load base: 0x08000000, Size: 0x00003d1c, Max: 0x00080000, ABSOLUTE)

    Exec Addr    Load Addr    Size         Type   Attr      Idx    E Section Name        Object

    0x08000000   0x08000000   0x00000130   Data   RO            3    RESET               startup_stm32f103xe.o
    0x08000130   0x08000130   0x00000000   Code   RO         4529  * .ARM.Collect$$$$00000000  mc_w.l(entry.o)
    0x08000130   0x08000130   0x00000004   Code   RO         4802    .ARM.Collect$$$$00000001  mc_w.l(entry2.o)
    0x08000134   0x08000134   0x00000004   Code   RO         4805    .ARM.Collect$$$$00000004  mc_w.l(entry5.o)
    0x08000138   0x08000138   0x00000000   Code   RO         4807    .ARM.Collect$$$$00000008  mc_w.l(entry7b.o)
    0x08000138   0x08000138   0x00000000   Code   RO         4809    .ARM.Collect$$$$0000000A  mc_w.l(entry8b.o)
    0x08000138   0x08000138   0x00000008   Code   RO         4810    .ARM.Collect$$$$0000000B  mc_w.l(entry9a.o)
    0x08000140   0x08000140   0x00000004   Code   RO         4817    .ARM.Collect$$$$0000000E  mc_w.l(entry12b.o)
    0x08000144   0x08000144   0x00000000   Code   RO         4812    .ARM.Collect$$$$0000000F  mc_w.l(entry10a.o)
    0x08000144   0x08000144   0x00000000   Code   RO         4814    .ARM.Collect$$$$00000011  mc_w.l(entry11a.o)
    0x08000144   0x08000144   0x00000004   Code   RO         4803    .ARM.Collect$$$$00002712  mc_w.l(entry2.o)
    0x08000148   0x08000148   0x00000096   Code   RO         4452    .emb_text           port.o
    0x080001de   0x080001de   0x00000002   PAD
    0x080001e0   0x080001e0   0x00000024   Code   RO            4    .text               startup_stm32f103xe.o
    0x08000204   0x08000204   0x00000024   Code   RO         4534    .text               mc_w.l(memcpya.o)
    0x08000228   0x08000228   0x00000024   Code   RO         4538    .text               mc_w.l(memseta.o)
    0x0800024c   0x0800024c   0x00000024   Code   RO         4834    .text               mc_w.l(init.o)
    0x08000270   0x08000270   0x0000005c   Code   RO          566    i.ADC_ConversionStop_Disable  stm32f1xx_hal_adc.o
    0x080002cc   0x080002cc   0x00000090   Code   RO          570    i.ADC_Enable        stm32f1xx_hal_adc.o
    0x0800035c   0x0800035c   0x00000004   Code   RO          397    i.BusFault_Handler  stm32f1xx_it.o
    0x08000360   0x08000360   0x0000002e   Code   RO          242    i.CreateDataFrame   freertos.o
    0x0800038e   0x0800038e   0x00000002   Code   RO          398    i.DebugMon_Handler  stm32f1xx_it.o
    0x08000390   0x08000390   0x00000006   Code   RO           13    i.Error_Handler     main.o
    0x08000396   0x08000396   0x00000002   PAD
    0x08000398   0x08000398   0x00000160   Code   RO          572    i.HAL_ADC_ConfigChannel  stm32f1xx_hal_adc.o
    0x080004f8   0x080004f8   0x00000008   Code   RO          579    i.HAL_ADC_GetValue  stm32f1xx_hal_adc.o
    0x08000500   0x08000500   0x00000160   Code   RO          581    i.HAL_ADC_Init      stm32f1xx_hal_adc.o
    0x08000660   0x08000660   0x00000070   Code   RO          314    i.HAL_ADC_MspInit   adc.o
    0x080006d0   0x080006d0   0x00000180   Code   RO          585    i.HAL_ADC_PollForConversion  stm32f1xx_hal_adc.o
    0x08000850   0x08000850   0x00000130   Code   RO          587    i.HAL_ADC_Start     stm32f1xx_hal_adc.o
    0x08000980   0x08000980   0x00000056   Code   RO         1228    i.HAL_DMA_Abort     stm32f1xx_hal_dma.o
    0x080009d6   0x080009d6   0x00000002   PAD
    0x080009d8   0x080009d8   0x000001a8   Code   RO         1229    i.HAL_DMA_Abort_IT  stm32f1xx_hal_dma.o
    0x08000b80   0x08000b80   0x00000340   Code   RO         1164    i.HAL_GPIO_Init     stm32f1xx_hal_gpio.o
    0x08000ec0   0x08000ec0   0x0000000c   Code   RO         1168    i.HAL_GPIO_WritePin  stm32f1xx_hal_gpio.o
    0x08000ecc   0x08000ecc   0x0000000c   Code   RO          853    i.HAL_GetTick       stm32f1xx_hal.o
    0x08000ed8   0x08000ed8   0x00000018   Code   RO          859    i.HAL_IncTick       stm32f1xx_hal.o
    0x08000ef0   0x08000ef0   0x00000028   Code   RO          860    i.HAL_Init          stm32f1xx_hal.o
    0x08000f18   0x08000f18   0x000000a0   Code   RO          491    i.HAL_InitTick      stm32f1xx_hal_timebase_tim.o
    0x08000fb8   0x08000fb8   0x00000060   Code   RO          467    i.HAL_MspInit       stm32f1xx_hal_msp.o
    0x08001018   0x08001018   0x00000020   Code   RO         1324    i.HAL_NVIC_EnableIRQ  stm32f1xx_hal_cortex.o
    0x08001038   0x08001038   0x0000007c   Code   RO         1330    i.HAL_NVIC_SetPriority  stm32f1xx_hal_cortex.o
    0x080010b4   0x080010b4   0x00000028   Code   RO         1331    i.HAL_NVIC_SetPriorityGrouping  stm32f1xx_hal_cortex.o
    0x080010dc   0x080010dc   0x00000118   Code   RO         1125    i.HAL_RCCEx_GetPeriphCLKFreq  stm32f1xx_hal_rcc_ex.o
    0x080011f4   0x080011f4   0x00000130   Code   RO         1126    i.HAL_RCCEx_PeriphCLKConfig  stm32f1xx_hal_rcc_ex.o
    0x08001324   0x08001324   0x0000018c   Code   RO         1017    i.HAL_RCC_ClockConfig  stm32f1xx_hal_rcc.o
    0x080014b0   0x080014b0   0x00000044   Code   RO         1021    i.HAL_RCC_GetClockConfig  stm32f1xx_hal_rcc.o
    0x080014f4   0x080014f4   0x0000000c   Code   RO         1022    i.HAL_RCC_GetHCLKFreq  stm32f1xx_hal_rcc.o
    0x08001500   0x08001500   0x00000020   Code   RO         1024    i.HAL_RCC_GetPCLK1Freq  stm32f1xx_hal_rcc.o
    0x08001520   0x08001520   0x00000020   Code   RO         1025    i.HAL_RCC_GetPCLK2Freq  stm32f1xx_hal_rcc.o
    0x08001540   0x08001540   0x00000070   Code   RO         1026    i.HAL_RCC_GetSysClockFreq  stm32f1xx_hal_rcc.o
    0x080015b0   0x080015b0   0x00000464   Code   RO         1029    i.HAL_RCC_OscConfig  stm32f1xx_hal_rcc.o
    0x08001a14   0x08001a14   0x00000002   Code   RO         2567    i.HAL_TIMEx_BreakCallback  stm32f1xx_hal_tim_ex.o
    0x08001a16   0x08001a16   0x00000002   Code   RO         2568    i.HAL_TIMEx_CommutCallback  stm32f1xx_hal_tim_ex.o
    0x08001a18   0x08001a18   0x00000066   Code   RO         1852    i.HAL_TIM_Base_Init  stm32f1xx_hal_tim.o
    0x08001a7e   0x08001a7e   0x00000002   Code   RO         1854    i.HAL_TIM_Base_MspInit  stm32f1xx_hal_tim.o
    0x08001a80   0x08001a80   0x00000090   Code   RO         1857    i.HAL_TIM_Base_Start_IT  stm32f1xx_hal_tim.o
    0x08001b10   0x08001b10   0x00000002   Code   RO         1886    i.HAL_TIM_IC_CaptureCallback  stm32f1xx_hal_tim.o
    0x08001b12   0x08001b12   0x00000196   Code   RO         1900    i.HAL_TIM_IRQHandler  stm32f1xx_hal_tim.o
    0x08001ca8   0x08001ca8   0x00000002   Code   RO         1903    i.HAL_TIM_OC_DelayElapsedCallback  stm32f1xx_hal_tim.o
    0x08001caa   0x08001caa   0x00000002   Code   RO         1930    i.HAL_TIM_PWM_PulseFinishedCallback  stm32f1xx_hal_tim.o
    0x08001cac   0x08001cac   0x00000018   Code   RO           14    i.HAL_TIM_PeriodElapsedCallback  main.o
    0x08001cc4   0x08001cc4   0x00000002   Code   RO         1943    i.HAL_TIM_TriggerCallback  stm32f1xx_hal_tim.o
    0x08001cc6   0x08001cc6   0x00000002   Code   RO         2846    i.HAL_UARTEx_RxEventCallback  stm32f1xx_hal_uart.o
    0x08001cc8   0x08001cc8   0x00000002   Code   RO         2860    i.HAL_UART_ErrorCallback  stm32f1xx_hal_uart.o
    0x08001cca   0x08001cca   0x00000002   PAD
    0x08001ccc   0x08001ccc   0x000002e4   Code   RO         2863    i.HAL_UART_IRQHandler  stm32f1xx_hal_uart.o
    0x08001fb0   0x08001fb0   0x00000076   Code   RO         2864    i.HAL_UART_Init     stm32f1xx_hal_uart.o
    0x08002026   0x08002026   0x00000002   PAD
    0x08002028   0x08002028   0x00000098   Code   RO          356    i.HAL_UART_MspInit  usart.o
    0x080020c0   0x080020c0   0x00000002   Code   RO         2870    i.HAL_UART_RxCpltCallback  stm32f1xx_hal_uart.o
    0x080020c2   0x080020c2   0x000000b2   Code   RO         2872    i.HAL_UART_Transmit  stm32f1xx_hal_uart.o
    0x08002174   0x08002174   0x00000002   Code   RO         2875    i.HAL_UART_TxCpltCallback  stm32f1xx_hal_uart.o
    0x08002176   0x08002176   0x00000004   Code   RO          399    i.HardFault_Handler  stm32f1xx_it.o
    0x0800217a   0x0800217a   0x00000002   PAD
    0x0800217c   0x0800217c   0x00000060   Code   RO          315    i.MX_ADC1_Init      adc.o
    0x080021dc   0x080021dc   0x0000007c   Code   RO          243    i.MX_FREERTOS_Init  freertos.o
    0x08002258   0x08002258   0x00000074   Code   RO          218    i.MX_GPIO_Init      gpio.o
    0x080022cc   0x080022cc   0x00000038   Code   RO          357    i.MX_USART1_UART_Init  usart.o
    0x08002304   0x08002304   0x00000004   Code   RO          400    i.MemManage_Handler  stm32f1xx_it.o
    0x08002308   0x08002308   0x00000068   Code   RO          244    i.MyTask1           freertos.o
    0x08002370   0x08002370   0x00000040   Code   RO          245    i.MyTask2           freertos.o
    0x080023b0   0x080023b0   0x00000004   Code   RO          401    i.NMI_Handler       stm32f1xx_it.o
    0x080023b4   0x080023b4   0x00000028   Code   RO         1030    i.RCC_Delay         stm32f1xx_hal_rcc.o
    0x080023dc   0x080023dc   0x0000000a   Code   RO          246    i.StartDefaultTask  freertos.o
    0x080023e6   0x080023e6   0x00000002   PAD
    0x080023e8   0x080023e8   0x0000002c   Code   RO         4453    i.SysTick_Handler   port.o
    0x08002414   0x08002414   0x00000082   Code   RO           15    i.SystemClock_Config  main.o
    0x08002496   0x08002496   0x00000002   Code   RO         3208    i.SystemInit        system_stm32f1xx.o
    0x08002498   0x08002498   0x00000010   Code   RO          402    i.TIM1_UP_IRQHandler  stm32f1xx_it.o
    0x080024a8   0x080024a8   0x0000009c   Code   RO         1945    i.TIM_Base_SetConfig  stm32f1xx_hal_tim.o
    0x08002544   0x08002544   0x00000014   Code   RO         2877    i.UART_DMAAbortOnError  stm32f1xx_hal_uart.o
    0x08002558   0x08002558   0x0000006c   Code   RO         2887    i.UART_EndRxTransfer  stm32f1xx_hal_uart.o
    0x080025c4   0x080025c4   0x00000020   Code   RO         2888    i.UART_EndTransmit_IT  stm32f1xx_hal_uart.o
    0x080025e4   0x080025e4   0x000000fc   Code   RO         2890    i.UART_Receive_IT   stm32f1xx_hal_uart.o
    0x080026e0   0x080026e0   0x000000fc   Code   RO         2891    i.UART_SetConfig    stm32f1xx_hal_uart.o
    0x080027dc   0x080027dc   0x00000060   Code   RO         2894    i.UART_Transmit_IT  stm32f1xx_hal_uart.o
    0x0800283c   0x0800283c   0x00000092   Code   RO         2895    i.UART_WaitOnFlagUntilTimeout  stm32f1xx_hal_uart.o
    0x080028ce   0x080028ce   0x00000002   PAD
    0x080028d0   0x080028d0   0x00000010   Code   RO          403    i.USART1_IRQHandler  stm32f1xx_it.o
    0x080028e0   0x080028e0   0x00000004   Code   RO          404    i.UsageFault_Handler  stm32f1xx_it.o
    0x080028e4   0x080028e4   0x00000010   Code   RO         4543    i.__0printf$bare    mc_w.l(printfb.o)
    0x080028f4   0x080028f4   0x00000010   Code   RO         1337    i.__NVIC_GetPriorityGrouping  stm32f1xx_hal_cortex.o
    0x08002904   0x08002904   0x00000028   Code   RO         1338    i.__NVIC_SetPriority  stm32f1xx_hal_cortex.o
    0x0800292c   0x0800292c   0x0000000e   Code   RO         4844    i.__scatterload_copy  mc_w.l(handlers.o)
    0x0800293a   0x0800293a   0x00000002   Code   RO         4845    i.__scatterload_null  mc_w.l(handlers.o)
    0x0800293c   0x0800293c   0x0000000e   Code   RO         4846    i.__scatterload_zeroinit  mc_w.l(handlers.o)
    0x0800294a   0x0800294a   0x00000022   Code   RO         4550    i._printf_core      mc_w.l(printfb.o)
    0x0800296c   0x0800296c   0x0000001c   Code   RO           17    i.fputc             main.o
    0x08002988   0x08002988   0x00000030   Code   RO           18    i.main              main.o
    0x080029b8   0x080029b8   0x0000000c   Code   RO         4024    i.makeFreeRtosPriority  cmsis_os.o
    0x080029c4   0x080029c4   0x00000010   Code   RO         4026    i.osDelay           cmsis_os.o
    0x080029d4   0x080029d4   0x0000000a   Code   RO         4029    i.osKernelStart     cmsis_os.o
    0x080029de   0x080029de   0x0000002a   Code   RO         4038    i.osMessageCreate   cmsis_os.o
    0x08002a08   0x08002a08   0x0000005c   Code   RO         4063    i.osThreadCreate    cmsis_os.o
    0x08002a64   0x08002a64   0x00000078   Code   RO         3710    i.prvAddCurrentTaskToDelayedList  tasks.o
    0x08002adc   0x08002adc   0x00000088   Code   RO         3711    i.prvAddNewTaskToReadyList  tasks.o
    0x08002b64   0x08002b64   0x00000040   Code   RO         3712    i.prvCheckTasksWaitingTermination  tasks.o
    0x08002ba4   0x08002ba4   0x00000024   Code   RO         3385    i.prvCopyDataFromQueue  queue.o
    0x08002bc8   0x08002bc8   0x0000006e   Code   RO         3386    i.prvCopyDataToQueue  queue.o
    0x08002c36   0x08002c36   0x00000040   Code   RO         3713    i.prvDeleteTCB      tasks.o
    0x08002c76   0x08002c76   0x00000002   PAD
    0x08002c78   0x08002c78   0x00000050   Code   RO         4391    i.prvHeapInit       heap_4.o
    0x08002cc8   0x08002cc8   0x00000028   Code   RO         3714    i.prvIdleTask       tasks.o
    0x08002cf0   0x08002cf0   0x00000018   Code   RO         3389    i.prvInitialiseNewQueue  queue.o
    0x08002d08   0x08002d08   0x00000074   Code   RO         3715    i.prvInitialiseNewTask  tasks.o
    0x08002d7c   0x08002d7c   0x00000060   Code   RO         3716    i.prvInitialiseTaskLists  tasks.o
    0x08002ddc   0x08002ddc   0x0000005c   Code   RO         4392    i.prvInsertBlockIntoFreeList  heap_4.o
    0x08002e38   0x08002e38   0x0000001a   Code   RO         3390    i.prvIsQueueEmpty   queue.o
    0x08002e52   0x08002e52   0x0000001e   Code   RO         3391    i.prvIsQueueFull    queue.o
    0x08002e70   0x08002e70   0x00000024   Code   RO         3717    i.prvResetNextTaskUnblockTime  tasks.o
    0x08002e94   0x08002e94   0x00000030   Code   RO         4454    i.prvTaskExitError  port.o
    0x08002ec4   0x08002ec4   0x00000068   Code   RO         3392    i.prvUnlockQueue    queue.o
    0x08002f2c   0x08002f2c   0x000000e4   Code   RO         4393    i.pvPortMalloc      heap_4.o
    0x08003010   0x08003010   0x00000024   Code   RO         4455    i.pxPortInitialiseStack  port.o
    0x08003034   0x08003034   0x00000026   Code   RO         3345    i.uxListRemove      list.o
    0x0800305a   0x0800305a   0x00000002   PAD
    0x0800305c   0x0800305c   0x00000018   Code   RO          247    i.vApplicationGetIdleTaskMemory  freertos.o
    0x08003074   0x08003074   0x00000016   Code   RO         3346    i.vListInitialise   list.o
    0x0800308a   0x0800308a   0x00000006   Code   RO         3347    i.vListInitialiseItem  list.o
    0x08003090   0x08003090   0x00000036   Code   RO         3348    i.vListInsert       list.o
    0x080030c6   0x080030c6   0x00000018   Code   RO         3349    i.vListInsertEnd    list.o
    0x080030de   0x080030de   0x00000002   PAD
    0x080030e0   0x080030e0   0x00000040   Code   RO         4457    i.vPortEnterCritical  port.o
    0x08003120   0x08003120   0x0000002c   Code   RO         4458    i.vPortExitCritical  port.o
    0x0800314c   0x0800314c   0x0000005c   Code   RO         4394    i.vPortFree         heap_4.o
    0x080031a8   0x080031a8   0x00000024   Code   RO         4459    i.vPortSetupTimerInterrupt  port.o
    0x080031cc   0x080031cc   0x00000050   Code   RO         3725    i.vTaskDelay        tasks.o
    0x0800321c   0x0800321c   0x00000010   Code   RO         3728    i.vTaskInternalSetTimeOutState  tasks.o
    0x0800322c   0x0800322c   0x0000000c   Code   RO         3729    i.vTaskMissedYield  tasks.o
    0x08003238   0x08003238   0x00000034   Code   RO         3731    i.vTaskPlaceOnEventList  tasks.o
    0x0800326c   0x0800326c   0x00000088   Code   RO         3738    i.vTaskStartScheduler  tasks.o
    0x080032f4   0x080032f4   0x00000010   Code   RO         3740    i.vTaskSuspendAll   tasks.o
    0x08003304   0x08003304   0x00000060   Code   RO         3741    i.vTaskSwitchContext  tasks.o
    0x08003364   0x08003364   0x000000b4   Code   RO         4461    i.xPortStartScheduler  port.o
    0x08003418   0x08003418   0x0000004a   Code   RO         3401    i.xQueueGenericCreate  queue.o
    0x08003462   0x08003462   0x00000070   Code   RO         3402    i.xQueueGenericCreateStatic  queue.o
    0x080034d2   0x080034d2   0x00000002   PAD
    0x080034d4   0x080034d4   0x00000090   Code   RO         3403    i.xQueueGenericReset  queue.o
    0x08003564   0x08003564   0x00000170   Code   RO         3404    i.xQueueGenericSend  queue.o
    0x080036d4   0x080036d4   0x00000148   Code   RO         3411    i.xQueueReceive     queue.o
    0x0800381c   0x0800381c   0x00000080   Code   RO         3742    i.xTaskCheckForTimeOut  tasks.o
    0x0800389c   0x0800389c   0x0000006c   Code   RO         3743    i.xTaskCreate       tasks.o
    0x08003908   0x08003908   0x00000060   Code   RO         3744    i.xTaskCreateStatic  tasks.o
    0x08003968   0x08003968   0x0000001c   Code   RO         3748    i.xTaskGetSchedulerState  tasks.o
    0x08003984   0x08003984   0x000000d0   Code   RO         3751    i.xTaskIncrementTick  tasks.o
    0x08003a54   0x08003a54   0x0000009c   Code   RO         3754    i.xTaskPriorityDisinherit  tasks.o
    0x08003af0   0x08003af0   0x00000078   Code   RO         3756    i.xTaskRemoveFromEventList  tasks.o
    0x08003b68   0x08003b68   0x000000cc   Code   RO         3757    i.xTaskResumeAll    tasks.o
    0x08003c34   0x08003c34   0x00000064   Data   RO          249    .constdata          freertos.o
    0x08003c98   0x08003c98   0x00000012   Data   RO         1031    .constdata          stm32f1xx_hal_rcc.o
    0x08003caa   0x08003caa   0x00000012   Data   RO         1127    .constdata          stm32f1xx_hal_rcc_ex.o
    0x08003cbc   0x08003cbc   0x00000018   Data   RO         3209    .constdata          system_stm32f1xx.o
    0x08003cd4   0x08003cd4   0x00000025   Data   RO          250    .conststring        freertos.o
    0x08003cf9   0x08003cf9   0x00000003   PAD
    0x08003cfc   0x08003cfc   0x00000020   Data   RO         4842    Region$$Table       anon$$obj.o


    Execution Region RW_IRAM1 (Exec base: 0x20000000, Load base: 0x08003d1c, Size: 0x00001488, Max: 0x00010000, ABSOLUTE)

    Exec Addr    Load Addr    Size         Type   Attr      Idx    E Section Name        Object

    0x20000000   0x08003d1c   0x00000010   Data   RW          251    .data               freertos.o
    0x20000010   0x08003d2c   0x00000009   Data   RW          867    .data               stm32f1xx_hal.o
    0x20000019   0x08003d35   0x00000003   PAD
    0x2000001c   0x08003d38   0x00000004   Data   RW         3210    .data               system_stm32f1xx.o
    0x20000020   0x08003d3c   0x0000003c   Data   RW         3760    .data               tasks.o
    0x2000005c   0x08003d78   0x00000018   Data   RW         4399    .data               heap_4.o
    0x20000074   0x08003d90   0x0000000c   Data   RW         4462    .data               port.o
    0x20000080   0x08003d9c   0x00000004   Data   RW         4818    .data               mc_w.l(stdout.o)
    0x20000084        -       0x00000254   Zero   RW          248    .bss                freertos.o
    0x200002d8        -       0x00000030   Zero   RW          316    .bss                adc.o
    0x20000308        -       0x00000048   Zero   RW          358    .bss                usart.o
    0x20000350        -       0x00000048   Zero   RW          494    .bss                stm32f1xx_hal_timebase_tim.o
    0x20000398        -       0x000000f0   Zero   RW         3759    .bss                tasks.o
    0x20000488        -       0x00000c00   Zero   RW         4398    .bss                heap_4.o
    0x20001088        -       0x00000400   Zero   RW            1    STACK               startup_stm32f103xe.o


==============================================================================

Image component sizes


      Code (inc. data)   RO Data    RW Data    ZI Data      Debug   Object Name

       208         24          0          0         48       1585   adc.o
       172          0          0          0          0      22665   cmsis_os.o
         0          0          0          0          0      18116   event_groups.o
       372         56        137         16        596       4530   freertos.o
       116         10          0          0          0        831   gpio.o
       492         32          0         24       3072       7263   heap_4.o
       144          0          0          0          0       3322   list.o
       236         22          0          0          0     535912   main.o
       602         62          0         12          0      10160   port.o
      1356         18          0          0          0      12151   queue.o
        36          8        304          0       1024        784   startup_stm32f103xe.o
        76         20          0          9          0       5138   stm32f1xx_hal.o
      1636         64          0          0          0       6260   stm32f1xx_hal_adc.o
       252         22          0          0          0      28558   stm32f1xx_hal_cortex.o
       510         10          0          0          0       1835   stm32f1xx_hal_dma.o
       844         40          0          0          0       2632   stm32f1xx_hal_gpio.o
        96         10          0          0          0        858   stm32f1xx_hal_msp.o
      1816        108         18          0          0       6417   stm32f1xx_hal_rcc.o
       584         34         18          0          0       2337   stm32f1xx_hal_rcc_ex.o
       818         44          0          0          0       6006   stm32f1xx_hal_tim.o
         4          0          0          0          0       1493   stm32f1xx_hal_tim_ex.o
       160         22          0          0         72       1371   stm32f1xx_hal_timebase_tim.o
      1950          8          0          0          0      10860   stm32f1xx_hal_uart.o
        54         12          0          0          0       3390   stm32f1xx_it.o
         0          0          0          0          0        392   stream_buffer.o
         2          0         24          4          0       1059   system_stm32f1xx.o
      2128        184          0         60        240      22196   tasks.o
       208         24          0          0         72       1590   usart.o

    ----------------------------------------------------------------------
     14896        834        536        128       5124     719711   Object Totals
         0          0         32          0          0          0   (incl. Generated)
        24          0          3          3          0          0   (incl. Padding)

    ----------------------------------------------------------------------

      Code (inc. data)   RO Data    RW Data    ZI Data      Debug   Library Member Name

         0          0          0          0          0          0   entry.o
         0          0          0          0          0          0   entry10a.o
         0          0          0          0          0          0   entry11a.o
         4          0          0          0          0          0   entry12b.o
         8          4          0          0          0          0   entry2.o
         4          0          0          0          0          0   entry5.o
         0          0          0          0          0          0   entry7b.o
         0          0          0          0          0          0   entry8b.o
         8          4          0          0          0          0   entry9a.o
        30          0          0          0          0          0   handlers.o
        36          8          0          0          0         68   init.o
        36          0          0          0          0         68   memcpya.o
        36          0          0          0          0        108   memseta.o
        50          8          0          0          0        152   printfb.o
         0          0          0          4          0          0   stdout.o

    ----------------------------------------------------------------------
       212         24          0          4          0        396   Library Totals
         0          0          0          0          0          0   (incl. Padding)

    ----------------------------------------------------------------------

      Code (inc. data)   RO Data    RW Data    ZI Data      Debug   Library Name

       212         24          0          4          0        396   mc_w.l

    ----------------------------------------------------------------------
       212         24          0          4          0        396   Library Totals

    ----------------------------------------------------------------------

==============================================================================


      Code (inc. data)   RO Data    RW Data    ZI Data      Debug   

     15108        858        536        132       5124     713239   Grand Totals
     15108        858        536        132       5124     713239   ELF Image Totals
     15108        858        536        132          0          0   ROM Totals

==============================================================================

    Total RO  Size (Code + RO Data)                15644 (  15.28kB)
    Total RW  Size (RW Data + ZI Data)              5256 (   5.13kB)
    Total ROM Size (Code + RO Data + RW Data)      15776 (  15.41kB)

==============================================================================

